Archive member included to satisfy reference by file (symbol)

C:/ST/STM32CubeIDE_1.17.0/STM32CubeIDE/plugins/com.st.stm32cube.ide.mcu.externaltools.gnu-tools-for-stm32.12.3.rel1.win32_1.1.0.202410251130/tools/bin/../lib/gcc/arm-none-eabi/12.3.1/../../../../arm-none-eabi/lib/thumb/v7e-m+fp/hard\libc_nano.a(libc_a-exit.o)
                              C:/ST/STM32CubeIDE_1.17.0/STM32CubeIDE/plugins/com.st.stm32cube.ide.mcu.externaltools.gnu-tools-for-stm32.12.3.rel1.win32_1.1.0.202410251130/tools/bin/../lib/gcc/arm-none-eabi/12.3.1/../../../../arm-none-eabi/lib/thumb/v7e-m+fp/hard/crt0.o (exit)
C:/ST/STM32CubeIDE_1.17.0/STM32CubeIDE/plugins/com.st.stm32cube.ide.mcu.externaltools.gnu-tools-for-stm32.12.3.rel1.win32_1.1.0.202410251130/tools/bin/../lib/gcc/arm-none-eabi/12.3.1/../../../../arm-none-eabi/lib/thumb/v7e-m+fp/hard\libc_nano.a(libc_a-rand.o)
                              ./Application/User/app_bluenrg_2.o (rand)
C:/ST/STM32CubeIDE_1.17.0/STM32CubeIDE/plugins/com.st.stm32cube.ide.mcu.externaltools.gnu-tools-for-stm32.12.3.rel1.win32_1.1.0.202410251130/tools/bin/../lib/gcc/arm-none-eabi/12.3.1/../../../../arm-none-eabi/lib/thumb/v7e-m+fp/hard\libc_nano.a(libc_a-nano-vfprintf_float.o)
                              (_printf_float)
C:/ST/STM32CubeIDE_1.17.0/STM32CubeIDE/plugins/com.st.stm32cube.ide.mcu.externaltools.gnu-tools-for-stm32.12.3.rel1.win32_1.1.0.202410251130/tools/bin/../lib/gcc/arm-none-eabi/12.3.1/../../../../arm-none-eabi/lib/thumb/v7e-m+fp/hard\libc_nano.a(libc_a-nano-vfprintf_i.o)
                              C:/ST/STM32CubeIDE_1.17.0/STM32CubeIDE/plugins/com.st.stm32cube.ide.mcu.externaltools.gnu-tools-for-stm32.12.3.rel1.win32_1.1.0.202410251130/tools/bin/../lib/gcc/arm-none-eabi/12.3.1/../../../../arm-none-eabi/lib/thumb/v7e-m+fp/hard\libc_nano.a(libc_a-nano-vfprintf_float.o) (_printf_common)
C:/ST/STM32CubeIDE_1.17.0/STM32CubeIDE/plugins/com.st.stm32cube.ide.mcu.externaltools.gnu-tools-for-stm32.12.3.rel1.win32_1.1.0.202410251130/tools/bin/../lib/gcc/arm-none-eabi/12.3.1/../../../../arm-none-eabi/lib/thumb/v7e-m+fp/hard\libc_nano.a(libc_a-findfp.o)
                              C:/ST/STM32CubeIDE_1.17.0/STM32CubeIDE/plugins/com.st.stm32cube.ide.mcu.externaltools.gnu-tools-for-stm32.12.3.rel1.win32_1.1.0.202410251130/tools/bin/../lib/gcc/arm-none-eabi/12.3.1/../../../../arm-none-eabi/lib/thumb/v7e-m+fp/hard\libc_nano.a(libc_a-exit.o) (__stdio_exit_handler)
C:/ST/STM32CubeIDE_1.17.0/STM32CubeIDE/plugins/com.st.stm32cube.ide.mcu.externaltools.gnu-tools-for-stm32.12.3.rel1.win32_1.1.0.202410251130/tools/bin/../lib/gcc/arm-none-eabi/12.3.1/../../../../arm-none-eabi/lib/thumb/v7e-m+fp/hard\libc_nano.a(libc_a-fwalk.o)
                              C:/ST/STM32CubeIDE_1.17.0/STM32CubeIDE/plugins/com.st.stm32cube.ide.mcu.externaltools.gnu-tools-for-stm32.12.3.rel1.win32_1.1.0.202410251130/tools/bin/../lib/gcc/arm-none-eabi/12.3.1/../../../../arm-none-eabi/lib/thumb/v7e-m+fp/hard\libc_nano.a(libc_a-findfp.o) (_fwalk_sglue)
C:/ST/STM32CubeIDE_1.17.0/STM32CubeIDE/plugins/com.st.stm32cube.ide.mcu.externaltools.gnu-tools-for-stm32.12.3.rel1.win32_1.1.0.202410251130/tools/bin/../lib/gcc/arm-none-eabi/12.3.1/../../../../arm-none-eabi/lib/thumb/v7e-m+fp/hard\libc_nano.a(libc_a-sprintf.o)
                              ./Application/User/main.o (sprintf)
C:/ST/STM32CubeIDE_1.17.0/STM32CubeIDE/plugins/com.st.stm32cube.ide.mcu.externaltools.gnu-tools-for-stm32.12.3.rel1.win32_1.1.0.202410251130/tools/bin/../lib/gcc/arm-none-eabi/12.3.1/../../../../arm-none-eabi/lib/thumb/v7e-m+fp/hard\libc_nano.a(libc_a-stdio.o)
                              C:/ST/STM32CubeIDE_1.17.0/STM32CubeIDE/plugins/com.st.stm32cube.ide.mcu.externaltools.gnu-tools-for-stm32.12.3.rel1.win32_1.1.0.202410251130/tools/bin/../lib/gcc/arm-none-eabi/12.3.1/../../../../arm-none-eabi/lib/thumb/v7e-m+fp/hard\libc_nano.a(libc_a-findfp.o) (__sread)
C:/ST/STM32CubeIDE_1.17.0/STM32CubeIDE/plugins/com.st.stm32cube.ide.mcu.externaltools.gnu-tools-for-stm32.12.3.rel1.win32_1.1.0.202410251130/tools/bin/../lib/gcc/arm-none-eabi/12.3.1/../../../../arm-none-eabi/lib/thumb/v7e-m+fp/hard\libc_nano.a(libc_a-memset.o)
                              C:/ST/STM32CubeIDE_1.17.0/STM32CubeIDE/plugins/com.st.stm32cube.ide.mcu.externaltools.gnu-tools-for-stm32.12.3.rel1.win32_1.1.0.202410251130/tools/bin/../lib/gcc/arm-none-eabi/12.3.1/../../../../arm-none-eabi/lib/thumb/v7e-m+fp/hard/crt0.o (memset)
C:/ST/STM32CubeIDE_1.17.0/STM32CubeIDE/plugins/com.st.stm32cube.ide.mcu.externaltools.gnu-tools-for-stm32.12.3.rel1.win32_1.1.0.202410251130/tools/bin/../lib/gcc/arm-none-eabi/12.3.1/../../../../arm-none-eabi/lib/thumb/v7e-m+fp/hard\libc_nano.a(libc_a-localeconv.o)
[...]
Memory Configuration

Name             Origin             Length             Attributes
RAM              0x20000000         0x00018000         xrw
RAM2             0x10000000         0x00008000         xrw
FLASH            0x08000000         0x00100000         xr
*default*        0x00000000         0xffffffff

Linker script and memory map

LOAD C:/ST/STM32CubeIDE_1.17.0/STM32CubeIDE/plugins/com.st.stm32cube.ide.mcu.externaltools.gnu-tools-for-stm32.12.3.rel1.win32_1.1.0.202410251130/tools/bin/../lib/gcc/arm-none-eabi/12.3.1/thumb/v7e-m+fp/hard/crti.o
LOAD C:/ST/STM32CubeIDE_1.17.0/STM32CubeIDE/plugins/com.st.stm32cube.ide.mcu.externaltools.gnu-tools-for-stm32.12.3.rel1.win32_1.1.0.202410251130/tools/bin/../lib/gcc/arm-none-eabi/12.3.1/thumb/v7e-m+fp/hard/crtbegin.o
LOAD C:/ST/STM32CubeIDE_1.17.0/STM32CubeIDE/plugins/com.st.stm32cube.ide.mcu.externaltools.gnu-tools-for-stm32.12.3.rel1.win32_1.1.0.202410251130/tools/bin/../lib/gcc/arm-none-eabi/12.3.1/../../../../arm-none-eabi/lib/thumb/v7e-m+fp/hard/crt0.o
LOAD ./Application/Startup/startup_stm32l476rgtx.o
LOAD ./Application/User/app_bluenrg_2.o
LOAD ./Application/User/bsp.o
LOAD ./Application/User/gatt_db.o
LOAD ./Application/User/gpio.o
LOAD ./Application/User/hci_tl_interface.o
LOAD ./Application/User/i2c.o
LOAD ./Application/User/main.o
LOAD ./Application/User/sensor.o
LOAD ./Application/User/sensor_platform.o
LOAD ./Application/User/stm32l4xx_hal_msp.o
LOAD ./Application/User/stm32l4xx_it.o
LOAD ./Application/User/stm32l4xx_nucleo_bus.o
LOAD ./Application/User/syscalls.o
LOAD ./Application/User/sysmem.o
LOAD ./Drivers/BSP/STM32L4xx_Nucleo/stm32l4xx_nucleo.o
LOAD ./Drivers/CMSIS/system_stm32l4xx.o
LOAD ./Drivers/STM32L4xx_HAL_Driver/stm32l4xx_hal.o
LOAD ./Drivers/STM32L4xx_HAL_Driver/stm32l4xx_hal_cortex.o
LOAD ./Drivers/STM32L4xx_HAL_Driver/stm32l4xx_hal_dma.o
LOAD ./Drivers/STM32L4xx_HAL_Driver/stm32l4xx_hal_dma_ex.o
LOAD ./Drivers/STM32L4xx_HAL_Driver/stm32l4xx_hal_exti.o
LOAD ./Drivers/STM32L4xx_HAL_Driver/stm32l4xx_hal_flash.o
LOAD ./Drivers/STM32L4xx_HAL_Driver/stm32l4xx_hal_flash_ex.o
LOAD ./Drivers/STM32L4xx_HAL_Driver/stm32l4xx_hal_flash_ramfunc.o
LOAD ./Drivers/STM32L4xx_HAL_Driver/stm32l4xx_hal_gpio.o
LOAD ./Drivers/STM32L4xx_HAL_Driver/stm32l4xx_hal_i2c.o
LOAD ./Drivers/STM32L4xx_HAL_Driver/stm32l4xx_hal_i2c_ex.o
LOAD ./Drivers/STM32L4xx_HAL_Driver/stm32l4xx_hal_pwr.o
LOAD ./Drivers/STM32L4xx_HAL_Driver/stm32l4xx_hal_pwr_ex.o
LOAD ./Drivers/STM32L4xx_HAL_Driver/stm32l4xx_hal_rcc.o
LOAD ./Drivers/STM32L4xx_HAL_Driver/stm32l4xx_hal_rcc_ex.o
LOAD ./Drivers/STM32L4xx_HAL_Driver/stm32l4xx_hal_spi.o
LOAD ./Drivers/STM32L4xx_HAL_Driver/stm32l4xx_hal_spi_ex.o
LOAD ./Drivers/STM32L4xx_HAL_Driver/stm32l4xx_hal_tim.o
LOAD ./Drivers/STM32L4xx_HAL_Driver/stm32l4xx_hal_tim_ex.o
LOAD ./Drivers/STM32L4xx_HAL_Driver/stm32l4xx_hal_uart.o
LOAD ./Drivers/STM32L4xx_HAL_Driver/stm32l4xx_hal_uart_ex.o
LOAD ./Drivers/user/hts221_reg.o
LOAD ./Drivers/user/lps22hh_reg.o
LOAD ./Middlewares/BlueNRG-2/Wireless/BlueNRG-2/Controller/bluenrg1_gap_aci.o
LOAD ./Middlewares/BlueNRG-2/Wireless/BlueNRG-2/Controller/bluenrg1_gatt_aci.o
LOAD ./Middlewares/BlueNRG-2/Wireless/BlueNRG-2/Controller/bluenrg1_hal_aci.o
LOAD ./Middlewares/BlueNRG-2/Wireless/BlueNRG-2/Controller/bluenrg1_l2cap_aci.o
LOAD ./Middlewares/BlueNRG-2/Wireless/BlueNRG-2/HCI_TL/Basic/bluenrg1_devConfig.o
LOAD ./Middlewares/BlueNRG-2/Wireless/BlueNRG-2/HCI_TL/Basic/bluenrg1_events.o
LOAD ./Middlewares/BlueNRG-2/Wireless/BlueNRG-2/HCI_TL/Basic/bluenrg1_events_cb.o
LOAD ./Middlewares/BlueNRG-2/Wireless/BlueNRG-2/HCI_TL/Basic/bluenrg1_hci_le.o
LOAD ./Middlewares/BlueNRG-2/Wireless/BlueNRG-2/HCI_TL/Basic/hci_tl.o
LOAD ./Middlewares/BlueNRG-2/Wireless/BlueNRG-2/Utils/ble_list.o
START GROUP
LOAD C:/ST/STM32CubeIDE_1.17.0/STM32CubeIDE/plugins/com.st.stm32cube.ide.mcu.externaltools.gnu-tools-for-stm32.12.3.rel1.win32_1.1.0.202410251130/tools/bin/../lib/gcc/arm-none-eabi/12.3.1/../../../../arm-none-eabi/lib/thumb/v7e-m+fp/hard\libc_nano.a
LOAD C:/ST/STM32CubeIDE_1.17.0/STM32CubeIDE/plugins/com.st.stm32cube.ide.mcu.externaltools.gnu-tools-for-stm32.12.3.rel1.win32_1.1.0.202410251130/tools/bin/../lib/gcc/arm-none-eabi/12.3.1/../../../../arm-none-eabi/lib/thumb/v7e-m+fp/hard\libm.a
END GROUP
START GROUP
LOAD C:/ST/STM32CubeIDE_1.17.0/STM32CubeIDE/plugins/com.st.stm32cube.ide.mcu.externaltools.gnu-tools-for-stm32.12.3.rel1.win32_1.1.0.202410251130/tools/bin/../lib/gcc/arm-none-eabi/12.3.1/thumb/v7e-m+fp/hard\libgcc.a
LOAD C:/ST/STM32CubeIDE_1.17.0/STM32CubeIDE/plugins/com.st.stm32cube.ide.mcu.externaltools.gnu-tools-for-stm32.12.3.rel1.win32_1.1.0.202410251130/tools/bin/../lib/gcc/arm-none-eabi/12.3.1/../../../../arm-none-eabi/lib/thumb/v7e-m+fp/hard\libc_nano.a
END GROUP
START GROUP
LOAD C:/ST/STM32CubeIDE_1.17.0/STM32CubeIDE/plugins/com.st.stm32cube.ide.mcu.externaltools.gnu-tools-for-stm32.12.3.rel1.win32_1.1.0.202410251130/tools/bin/../lib/gcc/arm-none-eabi/12.3.1/thumb/v7e-m+fp/hard\libgcc.a
LOAD C:/ST/STM32CubeIDE_1.17.0/STM32CubeIDE/plugins/com.st.stm32cube.ide.mcu.externaltools.gnu-tools-for-stm32.12.3.rel1.win32_1.1.0.202410251130/tools/bin/../lib/gcc/arm-none-eabi/12.3.1/../../../../arm-none-eabi/lib/thumb/v7e-m+fp/hard\libc_nano.a
LOAD C:/ST/STM32CubeIDE_1.17.0/STM32CubeIDE/plugins/com.st.stm32cube.ide.mcu.externaltools.gnu-tools-for-stm32.12.3.rel1.win32_1.1.0.202410251130/tools/bin/../lib/gcc/arm-none-eabi/12.3.1/../../../../arm-none-eabi/lib/thumb/v7e-m+fp/hard\libnosys.a
END GROUP
START GROUP
LOAD C:/ST/STM32CubeIDE_1.17.0/STM32CubeIDE/plugins/com.st.stm32cube.ide.mcu.externaltools.gnu-tools-for-stm32.12.3.rel1.win32_1.1.0.202410251130/tools/bin/../lib/gcc/arm-none-eabi/12.3.1/thumb/v7e-m+fp/hard\libgcc.a
LOAD C:/ST/STM32CubeIDE_1.17.0/STM32CubeIDE/plugins/com.st.stm32cube.ide.mcu.externaltools.gnu-tools-for-stm32.12.3.rel1.win32_1.1.0.202410251130/tools/bin/../lib/gcc/arm-none-eabi/12.3.1/../../../../arm-none-eabi/lib/thumb/v7e-m+fp/hard\libc_nano.a
LOAD C:/ST/STM32CubeIDE_1.17.0/STM32CubeIDE/plugins/com.st.stm32cube.ide.mcu.externaltools.gnu-tools-for-stm32.12.3.rel1.win32_1.1.0.202410251130/tools/bin/../lib/gcc/arm-none-eabi/12.3.1/../../../../arm-none-eabi/lib/thumb/v7e-m+fp/hard\libnosys.a
END GROUP
LOAD C:/ST/STM32CubeIDE_1.17.0/STM32CubeIDE/plugins/com.st.stm32cube.ide.mcu.externaltools.gnu-tools-for-stm32.12.3.rel1.win32_1.1.0.202410251130/tools/bin/../lib/gcc/arm-none-eabi/12.3.1/thumb/v7e-m+fp/hard/crtend.o
LOAD C:/ST/STM32CubeIDE_1.17.0/STM32CubeIDE/plugins/com.st.stm32cube.ide.mcu.externaltools.gnu-tools-for-stm32.12.3.rel1.win32_1.1.0.202410251130/tools/bin/../lib/gcc/arm-none-eabi/12.3.1/thumb/v7e-m+fp/hard/crtn.o
                0x20018000                        _estack = (ORIGIN (RAM) + LENGTH (RAM))
                0x00000400                        _Min_Heap_Size = 0x400
                0x00000800                        _Min_Stack_Size = 0x800

.isr_vector     0x08000000      0x188
                0x08000000                        . = ALIGN (0x4)
 *(.isr_vector)
 .isr_vector    0x08000000      0x188 ./Application/Startup/startup_stm32l476rgtx.o
                0x08000000                g_pfnVectors
                0x08000188                        . = ALIGN (0x4)

.text           0x08000190     0xde70
                0x08000190                        . = ALIGN (0x4)
 *(.text)
 .text          0x08000190       0x40 C:/ST/STM32CubeIDE_1.17.0/STM32CubeIDE/plugins/com.st.stm32cube.ide.mcu.externaltools.gnu-tools-for-stm32.12.3.rel1.win32_1.1.0.202410251130/tools/bin/../lib/gcc/arm-none-eabi/12.3.1/thumb/v7e-m+fp/hard/crtbegin.o
 .text          0x080001d0       0xa0 C:/ST/STM32CubeIDE_1.17.0/STM32CubeIDE/plugins/com.st.stm32cube.ide.mcu.externaltools.gnu-tools-for-stm32.12.3.rel1.win32_1.1.0.202410251130/tools/bin/../lib/gcc/arm-none-eabi/12.3.1/../../../../arm-none-eabi/lib/thumb/v7e-m+fp/hard\libc_nano.a(libc_a-memchr.o)
                0x080001d0                memchr
 .text          0x08000270       0x10 C:/ST/STM32CubeIDE_1.17.0/STM32CubeIDE/plugins/com.st.stm32cube.ide.mcu.externaltools.gnu-tools-for-stm32.12.3.rel1.win32_1.1.0.202410251130/tools/bin/../lib/gcc/arm-none-eabi/12.3.1/../../../../arm-none-eabi/lib/thumb/v7e-m+fp/hard\libc_nano.a(libc_a-strlen.o)
                0x08000270                strlen
 .text          0x08000280      0x378 C:/ST/STM32CubeIDE_1.17.0/STM32CubeIDE/plugins/com.st.stm32cube.ide.mcu.externaltools.gnu-tools-for-stm32.12.3.rel1.win32_1.1.0.202410251130/tools/bin/../lib/gcc/arm-none-eabi/12.3.1/thumb/v7e-m+fp/hard\libgcc.a(_arm_addsubdf3.o)
                0x08000280                __aeabi_drsub
                0x08000288                __aeabi_dsub
                0x08000288                __subdf3
                0x0800028c                __aeabi_dadd
                0x0800028c                __adddf3
                0x08000504                __floatunsidf
                0x08000504                __aeabi_ui2d
                0x08000524                __floatsidf
                0x08000524                __aeabi_i2d
                0x08000548                __aeabi_f2d
                0x08000548                __extendsfdf2
                0x0800058c                __floatundidf
                0x0800058c                __aeabi_ul2d
                0x0800059c                __floatdidf
                0x0800059c                __aeabi_l2d
 .text          0x080005f8      0x424 C:/ST/STM32CubeIDE_1.17.0/STM32CubeIDE/plugins/com.st.stm32cube.ide.mcu.externaltools.gnu-tools-for-stm32.12.3.rel1.win32_1.1.0.202410251130/tools/bin/../lib/gcc/arm-none-eabi/12.3.1/thumb/v7e-m+fp/hard\libgcc.a(_arm_muldivdf3.o)
                0x080005f8                __aeabi_dmul
                0x080005f8                __muldf3
                0x0800084c                __divdf3
                0x0800084c                __aeabi_ddiv
 .text          0x08000a1c      0x110 C:/ST/STM32CubeIDE_1.17.0/STM32CubeIDE/plugins/com.st.stm32cube.ide.mcu.externaltools.gnu-tools-for-stm32.12.3.rel1.win32_1.1.0.202410251130/tools/bin/../lib/gcc/arm-none-eabi/12.3.1/thumb/v7e-m+fp/hard\libgcc.a(_arm_cmpdf2.o)
                0x08000a1c                __gtdf2
                0x08000a1c                __gedf2
                0x08000a24                __ltdf2
                0x08000a24                __ledf2
                0x08000a2c                __nedf2
                0x08000a2c                __eqdf2
                0x08000a2c                __cmpdf2
                0x08000aa8                __aeabi_cdrcmple
                0x08000ab8                __aeabi_cdcmpeq
                0x08000ab8                __aeabi_cdcmple
                0x08000ac8                __aeabi_dcmpeq
                0x08000adc                __aeabi_dcmplt
                0x08000af0                __aeabi_dcmple
                0x08000b04                __aeabi_dcmpge
                0x08000b18                __aeabi_dcmpgt
 .text          0x08000b2c       0x2c C:/ST/STM32CubeIDE_1.17.0/STM32CubeIDE/plugins/com.st.stm32cube.ide.mcu.externaltools.gnu-tools-for-stm32.12.3.rel1.win32_1.1.0.202410251130/tools/bin/../lib/gcc/arm-none-eabi/12.3.1/thumb/v7e-m+fp/hard\libgcc.a(_arm_unorddf2.o)
                0x08000b2c                __unorddf2
                0x08000b2c                __aeabi_dcmpun
 .text          0x08000b58       0x50 C:/ST/STM32CubeIDE_1.17.0/STM32CubeIDE/plugins/com.st.stm32cube.ide.mcu.externaltools.gnu-tools-for-stm32.12.3.rel1.win32_1.1.0.202410251130/tools/bin/../lib/gcc/arm-none-eabi/12.3.1/thumb/v7e-m+fp/hard\libgcc.a(_arm_fixdfsi.o)
                0x08000b58                __aeabi_d2iz
                0x08000b58                __fixdfsi
 .text          0x08000ba8       0x30 C:/ST/STM32CubeIDE_1.17.0/STM32CubeIDE/plugins/com.st.stm32cube.ide.mcu.externaltools.gnu-tools-for-stm32.12.3.rel1.win32_1.1.0.202410251130/tools/bin/../lib/gcc/arm-none-eabi/12.3.1/thumb/v7e-m+fp/hard\libgcc.a(_aeabi_uldivmod.o)
                0x08000ba8                __aeabi_uldivmod
 .text          0x08000bd8      0x2bc C:/ST/STM32CubeIDE_1.17.0/STM32CubeIDE/plugins/com.st.stm32cube.ide.mcu.externaltools.gnu-tools-for-stm32.12.3.rel1.win32_1.1.0.202410251130/tools/bin/../lib/gcc/arm-none-eabi/12.3.1/thumb/v7e-m+fp/hard\libgcc.a(_udivmoddi4.o)
                0x08000bd8                __udivmoddi4
 .text          0x08000e94        0x4 C:/ST/STM32CubeIDE_1.17.0/STM32CubeIDE/plugins/com.st.stm32cube.ide.mcu.externaltools.gnu-tools-for-stm32.12.3.rel1.win32_1.1.0.202410251130/tools/bin/../lib/gcc/arm-none-eabi/12.3.1/thumb/v7e-m+fp/hard\libgcc.a(_dvmd_tls.o)
                0x08000e94                __aeabi_idiv0
                0x08000e94                __aeabi_ldiv0
 *(.text*)
 .text.Reset_Handler
                0x08000e98       0x50 ./Application/Startup/startup_stm32l476rgtx.o
                0x08000e98                Reset_Handler
 .text.Default_Handler
                0x08000ee8        0x2 ./Application/Startup/startup_stm32l476rgtx.o
                0x08000ee8                RTC_Alarm_IRQHandler
                0x08000ee8                EXTI2_IRQHandler
                0x08000ee8                TIM8_TRG_COM_IRQHandler
                0x08000ee8                TIM8_CC_IRQHandler
                0x08000ee8                TIM1_CC_IRQHandler
                0x08000ee8                TSC_IRQHandler
                0x08000ee8                TAMP_STAMP_IRQHandler
                0x08000ee8                EXTI3_IRQHandler
                0x08000ee8                LPTIM2_IRQHandler
                0x08000ee8                DFSDM1_FLT1_IRQHandler
                0x08000ee8                I2C3_ER_IRQHandler
                0x08000ee8                DFSDM1_FLT2_IRQHandler
                0x08000ee8                I2C2_EV_IRQHandler
                0x08000ee8                CAN1_RX0_IRQHandler
                0x08000ee8                FPU_IRQHandler
                0x08000ee8                TIM1_UP_TIM16_IRQHandler
                0x08000ee8                ADC1_2_IRQHandler
                0x08000ee8                SPI1_IRQHandler
                0x08000ee8                TIM6_DAC_IRQHandler
                0x08000ee8                TIM8_UP_IRQHandler
                0x08000ee8                DMA2_Channel2_IRQHandler
                0x08000ee8                DMA1_Channel4_IRQHandler
                0x08000ee8                SAI2_IRQHandler
                0x08000ee8                DFSDM1_FLT3_IRQHandler
                0x08000ee8                USART3_IRQHandler
                0x08000ee8                DMA1_Channel7_IRQHandler
                0x08000ee8                CAN1_RX1_IRQHandler
                0x08000ee8                LCD_IRQHandler
                0x08000ee8                UART5_IRQHandler
                0x08000ee8                ADC3_IRQHandler
                0x08000ee8                TIM4_IRQHandler
                0x08000ee8                DMA2_Channel1_IRQHandler
                0x08000ee8                QUADSPI_IRQHandler
                0x08000ee8                I2C1_EV_IRQHandler
                0x08000ee8                DMA1_Channel6_IRQHandler
                0x08000ee8                UART4_IRQHandler
                0x08000ee8                DMA2_Channel4_IRQHandler
                0x08000ee8                TIM3_IRQHandler
                0x08000ee8                RCC_IRQHandler
                0x08000ee8                DMA1_Channel1_IRQHandler
                0x08000ee8                Default_Handler
                0x08000ee8                DMA2_Channel7_IRQHandler
                0x08000ee8                TIM7_IRQHandler
                0x08000ee8                SDMMC1_IRQHandler
                0x08000ee8                TIM5_IRQHandler
                0x08000ee8                I2C3_EV_IRQHandler
                0x08000ee8                EXTI9_5_IRQHandler
                0x08000ee8                RTC_WKUP_IRQHandler
                0x08000ee8                PVD_PVM_IRQHandler
                0x08000ee8                SPI2_IRQHandler
                0x08000ee8                CAN1_TX_IRQHandler
                0x08000ee8                DMA2_Channel5_IRQHandler
                0x08000ee8                DMA1_Channel5_IRQHandler
                0x08000ee8                EXTI4_IRQHandler
                0x08000ee8                RNG_IRQHandler
                0x08000ee8                TIM1_TRG_COM_TIM17_IRQHandler
                0x08000ee8                DMA1_Channel3_IRQHandler
                0x08000ee8                COMP_IRQHandler
                0x08000ee8                WWDG_IRQHandler
                0x08000ee8                LPUART1_IRQHandler
                0x08000ee8                DMA2_Channel6_IRQHandler
                0x08000ee8                TIM2_IRQHandler
                0x08000ee8                EXTI1_IRQHandler
                0x08000ee8                USART2_IRQHandler
                0x08000ee8                DFSDM1_FLT0_IRQHandler
                0x08000ee8                I2C2_ER_IRQHandler
                0x08000ee8                DMA1_Channel2_IRQHandler
                0x08000ee8                TIM8_BRK_IRQHandler
                0x08000ee8                CAN1_SCE_IRQHandler
                0x08000ee8                FLASH_IRQHandler
                0x08000ee8                USART1_IRQHandler
                0x08000ee8                OTG_FS_IRQHandler
                0x08000ee8                SPI3_IRQHandler
                0x08000ee8                I2C1_ER_IRQHandler
                0x08000ee8                FMC_IRQHandler
                0x08000ee8                SWPMI1_IRQHandler
                0x08000ee8                LPTIM1_IRQHandler
                0x08000ee8                SAI1_IRQHandler
                0x08000ee8                DMA2_Channel3_IRQHandler
                0x08000ee8                TIM1_BRK_TIM15_IRQHandler
 *fill*         0x08000eea        0x2 
 .text.MX_BlueNRG_2_Init
                0x08000eec       0x48 ./Application/User/app_bluenrg_2.o
                0x08000eec                MX_BlueNRG_2_Init
 .text.MX_BlueNRG_2_Process
                0x08000f34       0x10 ./Application/User/app_bluenrg_2.o
                0x08000f34                MX_BlueNRG_2_Process
 .text.User_Init
                0x08000f44       0x1c ./Application/User/app_bluenrg_2.o
 .text.Sensor_DeviceInit
                0x08000f60      0x134 ./Application/User/app_bluenrg_2.o
 .text.User_Process
                0x08001094       0xf4 ./Application/User/app_bluenrg_2.o
 .text.Sensor_Init
                0x08001188       0xd4 ./Application/User/app_bluenrg_2.o
 .text.Read_Real_Environmental_Values
                0x0800125c      0x204 ./Application/User/app_bluenrg_2.o
                0x0800125c                Read_Real_Environmental_Values
 .text.Set_Random_Motion_Values
                0x08001460     0x10dc ./Application/User/app_bluenrg_2.o
 .text.Reset_Motion_Values
                0x0800253c      0x1d4 ./Application/User/app_bluenrg_2.o
 .text.getBlueNRGVersion
                0x08002710       0x72 ./Application/User/app_bluenrg_2.o
                0x08002710                getBlueNRGVersion
 *fill*         0x08002782        0x2 
 .text.BSP_PB_Callback
                0x08002784       0x20 ./Application/User/app_bluenrg_2.o
                0x08002784                BSP_PB_Callback
 .text.hci_le_connection_complete_event
                0x080027a4       0x40 ./Application/User/app_bluenrg_2.o
                0x080027a4                hci_le_connection_complete_event
 .text.hci_disconnection_complete_event
                0x080027e4       0x40 ./Application/User/app_bluenrg_2.o
                0x080027e4                hci_disconnection_complete_event
 .text.aci_gatt_read_permit_req_event
                0x08002824       0x22 ./Application/User/app_bluenrg_2.o
                0x08002824                aci_gatt_read_permit_req_event
 *fill*         0x08002846        0x2 
 .text.Add_HWServW2ST_Service
                0x08002848      0x1ac ./Application/User/gatt_db.o
                0x08002848                Add_HWServW2ST_Service
 .text.Add_SWServW2ST_Service
                0x080029f4      0x11c ./Application/User/gatt_db.o
                0x080029f4                Add_SWServW2ST_Service
 .text.Acc_Update
                0x08002b10      0x114 ./Application/User/gatt_db.o
                0x08002b10                Acc_Update
 .text.Quat_Update
                0x08002c24       0x8c ./Application/User/gatt_db.o
                0x08002c24                Quat_Update
 .text.Read_Request_CB
                0x08002cb0       0xc4 ./Application/User/gatt_db.o
                0x08002cb0                Read_Request_CB
 .text.Environmental_Update
                0x08002d74       0x90 ./Application/User/gatt_db.o
                0x08002d74                Environmental_Update
 .text.MX_GPIO_Init
                0x08002e04       0xec ./Application/User/gpio.o
                0x08002e04                MX_GPIO_Init
 .text.HCI_TL_SPI_Enable_IRQ
                0x08002ef0        0xe ./Application/User/hci_tl_interface.o
 .text.HCI_TL_SPI_Disable_IRQ
                0x08002efe        0xe ./Application/User/hci_tl_interface.o
 .text.HCI_TL_SPI_Init
                0x08002f0c       0x98 ./Application/User/hci_tl_interface.o
                0x08002f0c                HCI_TL_SPI_Init
 .text.HCI_TL_SPI_DeInit
                0x08002fa4       0x2a ./Application/User/hci_tl_interface.o
                0x08002fa4                HCI_TL_SPI_DeInit
 .text.HCI_TL_SPI_Reset
                0x08002fce       0x3e ./Application/User/hci_tl_interface.o
                0x08002fce                HCI_TL_SPI_Reset
 .text.HCI_TL_SPI_Receive
                0x0800300c       0xb8 ./Application/User/hci_tl_interface.o
                0x0800300c                HCI_TL_SPI_Receive
 .text.HCI_TL_SPI_Send
                0x080030c4       0xf0 ./Application/User/hci_tl_interface.o
                0x080030c4                HCI_TL_SPI_Send
 .text.IsDataAvailable
                0x080031b4       0x1e ./Application/User/hci_tl_interface.o
 *fill*         0x080031d2        0x2 
 .text.hci_tl_lowlevel_init
                0x080031d4       0x74 ./Application/User/hci_tl_interface.o
                0x080031d4                hci_tl_lowlevel_init
 .text.hci_tl_lowlevel_isr
                0x08003248       0x22 ./Application/User/hci_tl_interface.o
                0x08003248                hci_tl_lowlevel_isr
 *fill*         0x0800326a        0x2 
 .text.MX_I2C1_Init
                0x0800326c       0x80 ./Application/User/i2c.o
                0x0800326c                MX_I2C1_Init
 .text.HAL_I2C_MspInit
                0x080032ec       0xbc ./Application/User/i2c.o
                0x080032ec                HAL_I2C_MspInit
 .text.main     0x080033a8       0x56 ./Application/User/main.o
                0x080033a8                main
 .text.SystemClock_Config
                0x080033fe       0xa2 ./Application/User/main.o
                0x080033fe                SystemClock_Config
 .text.Send_Sensor_Data_UART
                0x080034a0       0x70 ./Application/User/main.o
                0x080034a0                Send_Sensor_Data_UART
 .text.Error_Handler
                0x08003510        0xc ./Application/User/main.o
                0x08003510                Error_Handler
 .text.Set_DeviceConnectable
                0x0800351c       0xe8 ./Application/User/sensor.o
                0x0800351c                Set_DeviceConnectable
 .text.APP_UserEvtRx
                0x08003604       0xf0 ./Application/User/sensor.o
                0x08003604                APP_UserEvtRx
 .text.platform_write_lps22
                0x080036f4       0x3a ./Application/User/sensor_platform.o
                0x080036f4                platform_write_lps22
 .text.platform_read_lps22
                0x0800372e       0x3a ./Application/User/sensor_platform.o
                0x0800372e                platform_read_lps22
 .text.platform_write_hts221
                0x08003768       0x42 ./Application/User/sensor_platform.o
                0x08003768                platform_write_hts221
 .text.platform_read_hts221
                0x080037aa       0x42 ./Application/User/sensor_platform.o
                0x080037aa                platform_read_hts221
 .text.platform_delay
                0x080037ec       0x16 ./Application/User/sensor_platform.o
                0x080037ec                platform_delay
 *fill*         0x08003802        0x2 
 .text.HAL_MspInit
                0x08003804       0x48 ./Application/User/stm32l4xx_hal_msp.o
                0x08003804                HAL_MspInit
 .text.NMI_Handler
                0x0800384c        0x8 ./Application/User/stm32l4xx_it.o
                0x0800384c                NMI_Handler
 .text.HardFault_Handler
                0x08003854        0x8 ./Application/User/stm32l4xx_it.o
                0x08003854                HardFault_Handler
 .text.MemManage_Handler
                0x0800385c        0x8 ./Application/User/stm32l4xx_it.o
                0x0800385c                MemManage_Handler
 .text.BusFault_Handler
                0x08003864        0x8 ./Application/User/stm32l4xx_it.o
                0x08003864                BusFault_Handler
 .text.UsageFault_Handler
                0x0800386c        0x8 ./Application/User/stm32l4xx_it.o
                0x0800386c                UsageFault_Handler
 .text.SVC_Handler
                0x08003874        0xe ./Application/User/stm32l4xx_it.o
                0x08003874                SVC_Handler
 .text.DebugMon_Handler
                0x08003882        0xe ./Application/User/stm32l4xx_it.o
                0x08003882                DebugMon_Handler
 .text.PendSV_Handler
                0x08003890        0xe ./Application/User/stm32l4xx_it.o
                0x08003890                PendSV_Handler
 .text.SysTick_Handler
                0x0800389e        0xc ./Application/User/stm32l4xx_it.o
                0x0800389e                SysTick_Handler
 *fill*         0x080038aa        0x2 
 .text.EXTI0_IRQHandler
                0x080038ac       0x14 ./Application/User/stm32l4xx_it.o
                0x080038ac                EXTI0_IRQHandler
 .text.EXTI15_10_IRQHandler
                0x080038c0       0x14 ./Application/User/stm32l4xx_it.o
                0x080038c0                EXTI15_10_IRQHandler
 .text.BSP_SPI1_Init
                0x080038d4       0x60 ./Application/User/stm32l4xx_nucleo_bus.o
                0x080038d4                BSP_SPI1_Init
 .text.BSP_SPI1_SendRecv
                0x08003934       0x40 ./Application/User/stm32l4xx_nucleo_bus.o
                0x08003934                BSP_SPI1_SendRecv
 .text.BSP_GetTick
                0x08003974        0xe ./Application/User/stm32l4xx_nucleo_bus.o
                0x08003974                BSP_GetTick
 *fill*         0x08003982        0x2 
 .text.MX_SPI1_Init
                0x08003984       0x84 ./Application/User/stm32l4xx_nucleo_bus.o
                0x08003984                MX_SPI1_Init
 .text.SPI1_MspInit
                0x08003a08       0xc4 ./Application/User/stm32l4xx_nucleo_bus.o
 .text._getpid  0x08003acc       0x10 ./Application/User/syscalls.o
                0x08003acc                _getpid
 .text._kill    0x08003adc       0x20 ./Application/User/syscalls.o
                0x08003adc                _kill
 .text._exit    0x08003afc       0x16 ./Application/User/syscalls.o
                0x08003afc                _exit
 .text._read    0x08003b12       0x3a ./Application/User/syscalls.o
                0x08003b12                _read
 .text._write   0x08003b4c       0x38 ./Application/User/syscalls.o
                0x08003b4c                _write
 .text._close   0x08003b84       0x18 ./Application/User/syscalls.o
                0x08003b84                _close
 .text._fstat   0x08003b9c       0x20 ./Application/User/syscalls.o
                0x08003b9c                _fstat
 .text._isatty  0x08003bbc       0x16 ./Application/User/syscalls.o
                0x08003bbc                _isatty
 .text._lseek   0x08003bd2       0x1a ./Application/User/syscalls.o
                0x08003bd2                _lseek
 .text._sbrk    0x08003bec       0x6c ./Application/User/sysmem.o
                0x08003bec                _sbrk
 .text.BSP_LED_Init
                0x08003c58       0x24 ./Drivers/BSP/STM32L4xx_Nucleo/stm32l4xx_nucleo.o
                0x08003c58                BSP_LED_Init
 .text.BSP_LED_On
                0x08003c7c       0x2c ./Drivers/BSP/STM32L4xx_Nucleo/stm32l4xx_nucleo.o
                0x08003c7c                BSP_LED_On
 .text.BSP_LED_Off
                0x08003ca8       0x2c ./Drivers/BSP/STM32L4xx_Nucleo/stm32l4xx_nucleo.o
                0x08003ca8                BSP_LED_Off
 .text.BSP_LED_Toggle
                0x08003cd4       0x2c ./Drivers/BSP/STM32L4xx_Nucleo/stm32l4xx_nucleo.o
                0x08003cd4                BSP_LED_Toggle
 .text.LED_USER_GPIO_Init
                0x08003d00        0xe ./Drivers/BSP/STM32L4xx_Nucleo/stm32l4xx_nucleo.o
 *fill*         0x08003d0e        0x2 
 .text.BSP_PB_Init
                0x08003d10       0xa8 ./Drivers/BSP/STM32L4xx_Nucleo/stm32l4xx_nucleo.o
                0x08003d10                BSP_PB_Init
 .text.BSP_PB_GetState
                0x08003db8       0x38 ./Drivers/BSP/STM32L4xx_Nucleo/stm32l4xx_nucleo.o
                0x08003db8                BSP_PB_GetState
 .text.BUTTON_USER_EXTI_Callback
                0x08003df0        0xe ./Drivers/BSP/STM32L4xx_Nucleo/stm32l4xx_nucleo.o
 .text.BUTTON_USER_GPIO_Init
                0x08003dfe        0xe ./Drivers/BSP/STM32L4xx_Nucleo/stm32l4xx_nucleo.o
 .text.BSP_COM_Init
                0x08003e0c       0x7c ./Drivers/BSP/STM32L4xx_Nucleo/stm32l4xx_nucleo.o
                0x08003e0c                BSP_COM_Init
 .text.MX_USART2_UART_Init
                0x08003e88       0x68 ./Drivers/BSP/STM32L4xx_Nucleo/stm32l4xx_nucleo.o
                0x08003e88                MX_USART2_UART_Init
 .text.__io_putchar
                0x08003ef0       0x38 ./Drivers/BSP/STM32L4xx_Nucleo/stm32l4xx_nucleo.o
                0x08003ef0                __io_putchar
 .text.USART2_MspInit
                0x08003f28       0xbc ./Drivers/BSP/STM32L4xx_Nucleo/stm32l4xx_nucleo.o
 .text.SystemInit
                0x08003fe4       0x24 ./Drivers/CMSIS/system_stm32l4xx.o
                0x08003fe4                SystemInit
 .text.HAL_Init
                0x08004008       0x40 ./Drivers/STM32L4xx_HAL_Driver/stm32l4xx_hal.o
                0x08004008                HAL_Init
 .text.HAL_InitTick
                0x08004048       0x78 ./Drivers/STM32L4xx_HAL_Driver/stm32l4xx_hal.o
                0x08004048                HAL_InitTick
 .text.HAL_IncTick
                0x080040c0       0x28 ./Drivers/STM32L4xx_HAL_Driver/stm32l4xx_hal.o
                0x080040c0                HAL_IncTick
 .text.HAL_GetTick
                0x080040e8       0x18 ./Drivers/STM32L4xx_HAL_Driver/stm32l4xx_hal.o
                0x080040e8                HAL_GetTick
 .text.HAL_Delay
                0x08004100       0x48 ./Drivers/STM32L4xx_HAL_Driver/stm32l4xx_hal.o
                0x08004100                HAL_Delay
 .text.__NVIC_SetPriorityGrouping
                0x08004148       0x48 ./Drivers/STM32L4xx_HAL_Driver/stm32l4xx_hal_cortex.o
 .text.__NVIC_GetPriorityGrouping
                0x08004190       0x1c ./Drivers/STM32L4xx_HAL_Driver/stm32l4xx_hal_cortex.o
 .text.__NVIC_EnableIRQ
                0x080041ac       0x3c ./Drivers/STM32L4xx_HAL_Driver/stm32l4xx_hal_cortex.o
 .text.__NVIC_DisableIRQ
                0x080041e8       0x48 ./Drivers/STM32L4xx_HAL_Driver/stm32l4xx_hal_cortex.o
 .text.__NVIC_SetPriority
                0x08004230       0x54 ./Drivers/STM32L4xx_HAL_Driver/stm32l4xx_hal_cortex.o
 .text.NVIC_EncodePriority
                0x08004284       0x66 ./Drivers/STM32L4xx_HAL_Driver/stm32l4xx_hal_cortex.o
 *fill*         0x080042ea        0x2 
 .text.SysTick_Config
                0x080042ec       0x44 ./Drivers/STM32L4xx_HAL_Driver/stm32l4xx_hal_cortex.o
 .text.HAL_NVIC_SetPriorityGrouping
                0x08004330       0x16 ./Drivers/STM32L4xx_HAL_Driver/stm32l4xx_hal_cortex.o
                0x08004330                HAL_NVIC_SetPriorityGrouping
 .text.HAL_NVIC_SetPriority
                0x08004346       0x38 ./Drivers/STM32L4xx_HAL_Driver/stm32l4xx_hal_cortex.o
                0x08004346                HAL_NVIC_SetPriority
 .text.HAL_NVIC_EnableIRQ
                0x0800437e       0x1c ./Drivers/STM32L4xx_HAL_Driver/stm32l4xx_hal_cortex.o
                0x0800437e                HAL_NVIC_EnableIRQ
 .text.HAL_NVIC_DisableIRQ
                0x0800439a       0x1c ./Drivers/STM32L4xx_HAL_Driver/stm32l4xx_hal_cortex.o
                0x0800439a                HAL_NVIC_DisableIRQ
 .text.HAL_SYSTICK_Config
                0x080043b6       0x18 ./Drivers/STM32L4xx_HAL_Driver/stm32l4xx_hal_cortex.o
                0x080043b6                HAL_SYSTICK_Config
 .text.HAL_EXTI_RegisterCallback
                0x080043ce       0x34 ./Drivers/STM32L4xx_HAL_Driver/stm32l4xx_hal_exti.o
                0x080043ce                HAL_EXTI_RegisterCallback
 .text.HAL_EXTI_GetHandle
                0x08004402       0x28 ./Drivers/STM32L4xx_HAL_Driver/stm32l4xx_hal_exti.o
                0x08004402                HAL_EXTI_GetHandle
 *fill*         0x0800442a        0x2 
 .text.HAL_EXTI_IRQHandler
                0x0800442c       0x60 ./Drivers/STM32L4xx_HAL_Driver/stm32l4xx_hal_exti.o
                0x0800442c                HAL_EXTI_IRQHandler
 .text.HAL_GPIO_Init
                0x0800448c      0x354 ./Drivers/STM32L4xx_HAL_Driver/stm32l4xx_hal_gpio.o
                0x0800448c                HAL_GPIO_Init
 .text.HAL_GPIO_DeInit
                0x080047e0      0x1e8 ./Drivers/STM32L4xx_HAL_Driver/stm32l4xx_hal_gpio.o
                0x080047e0                HAL_GPIO_DeInit
 .text.HAL_GPIO_ReadPin
                0x080049c8       0x30 ./Drivers/STM32L4xx_HAL_Driver/stm32l4xx_hal_gpio.o
                0x080049c8                HAL_GPIO_ReadPin
 .text.HAL_GPIO_WritePin
                0x080049f8       0x30 ./Drivers/STM32L4xx_HAL_Driver/stm32l4xx_hal_gpio.o
                0x080049f8                HAL_GPIO_WritePin
 .text.HAL_GPIO_TogglePin
                0x08004a28       0x34 ./Drivers/STM32L4xx_HAL_Driver/stm32l4xx_hal_gpio.o
                0x08004a28                HAL_GPIO_TogglePin
 .text.HAL_I2C_Init
                0x08004a5c      0x11e ./Drivers/STM32L4xx_HAL_Driver/stm32l4xx_hal_i2c.o
                0x08004a5c                HAL_I2C_Init
 *fill*         0x08004b7a        0x2 
 .text.HAL_I2C_Mem_Write
                0x08004b7c      0x228 ./Drivers/STM32L4xx_HAL_Driver/stm32l4xx_hal_i2c.o
                0x08004b7c                HAL_I2C_Mem_Write
 .text.HAL_I2C_Mem_Read
                0x08004da4      0x234 ./Drivers/STM32L4xx_HAL_Driver/stm32l4xx_hal_i2c.o
                0x08004da4                HAL_I2C_Mem_Read
 .text.I2C_RequestMemoryWrite
                0x08004fd8       0xa8 ./Drivers/STM32L4xx_HAL_Driver/stm32l4xx_hal_i2c.o
 .text.I2C_RequestMemoryRead
                0x08005080       0xa8 ./Drivers/STM32L4xx_HAL_Driver/stm32l4xx_hal_i2c.o
 .text.I2C_Flush_TXDR
                0x08005128       0x48 ./Drivers/STM32L4xx_HAL_Driver/stm32l4xx_hal_i2c.o
 .text.I2C_WaitOnFlagUntilTimeout
                0x08005170       0x80 ./Drivers/STM32L4xx_HAL_Driver/stm32l4xx_hal_i2c.o
 .text.I2C_WaitOnTXISFlagUntilTimeout
                0x080051f0       0x80 ./Drivers/STM32L4xx_HAL_Driver/stm32l4xx_hal_i2c.o
 .text.I2C_WaitOnSTOPFlagUntilTimeout
                0x08005270       0x78 ./Drivers/STM32L4xx_HAL_Driver/stm32l4xx_hal_i2c.o
 .text.I2C_IsErrorOccurred
                0x080052e8      0x1d8 ./Drivers/STM32L4xx_HAL_Driver/stm32l4xx_hal_i2c.o
 .text.I2C_TransferConfig
                0x080054c0       0x64 ./Drivers/STM32L4xx_HAL_Driver/stm32l4xx_hal_i2c.o
 .text.HAL_I2CEx_ConfigAnalogFilter
                0x08005524       0x96 ./Drivers/STM32L4xx_HAL_Driver/stm32l4xx_hal_i2c_ex.o
                0x08005524                HAL_I2CEx_ConfigAnalogFilter
 .text.HAL_I2CEx_ConfigDigitalFilter
                0x080055ba       0x98 ./Drivers/STM32L4xx_HAL_Driver/stm32l4xx_hal_i2c_ex.o
                0x080055ba                HAL_I2CEx_ConfigDigitalFilter
 *fill*         0x08005652        0x2 
 .text.HAL_PWREx_GetVoltageRange
                0x08005654       0x1c ./Drivers/STM32L4xx_HAL_Driver/stm32l4xx_hal_pwr_ex.o
                0x08005654                HAL_PWREx_GetVoltageRange
 .text.HAL_PWREx_ControlVoltageScaling
                0x08005670       0xac ./Drivers/STM32L4xx_HAL_Driver/stm32l4xx_hal_pwr_ex.o
                0x08005670                HAL_PWREx_ControlVoltageScaling
 .text.HAL_RCC_OscConfig
                0x0800571c      0x7b8 ./Drivers/STM32L4xx_HAL_Driver/stm32l4xx_hal_rcc.o
                0x0800571c                HAL_RCC_OscConfig
 .text.HAL_RCC_ClockConfig
                0x08005ed4      0x200 ./Drivers/STM32L4xx_HAL_Driver/stm32l4xx_hal_rcc.o
                0x08005ed4                HAL_RCC_ClockConfig
 .text.HAL_RCC_GetSysClockFreq
                0x080060d4      0x118 ./Drivers/STM32L4xx_HAL_Driver/stm32l4xx_hal_rcc.o
                0x080060d4                HAL_RCC_GetSysClockFreq
 .text.HAL_RCC_GetHCLKFreq
                0x080061ec       0x18 ./Drivers/STM32L4xx_HAL_Driver/stm32l4xx_hal_rcc.o
                0x080061ec                HAL_RCC_GetHCLKFreq
 .text.HAL_RCC_GetPCLK1Freq
                0x08006204       0x2c ./Drivers/STM32L4xx_HAL_Driver/stm32l4xx_hal_rcc.o
                0x08006204                HAL_RCC_GetPCLK1Freq
 .text.HAL_RCC_GetPCLK2Freq
                0x08006230       0x2c ./Drivers/STM32L4xx_HAL_Driver/stm32l4xx_hal_rcc.o
                0x08006230                HAL_RCC_GetPCLK2Freq
 .text.RCC_SetFlashLatencyFromMSIRange
                0x0800625c       0xc0 ./Drivers/STM32L4xx_HAL_Driver/stm32l4xx_hal_rcc.o
 .text.HAL_RCCEx_PeriphCLKConfig
                0x0800631c      0x5d4 ./Drivers/STM32L4xx_HAL_Driver/stm32l4xx_hal_rcc_ex.o
                0x0800631c                HAL_RCCEx_PeriphCLKConfig
 .text.RCCEx_PLLSAI1_Config
                0x080068f0      0x1e8 ./Drivers/STM32L4xx_HAL_Driver/stm32l4xx_hal_rcc_ex.o
 .text.RCCEx_PLLSAI2_Config
                0x08006ad8      0x1bc ./Drivers/STM32L4xx_HAL_Driver/stm32l4xx_hal_rcc_ex.o
 .text.HAL_SPI_Init
                0x08006c94      0x146 ./Drivers/STM32L4xx_HAL_Driver/stm32l4xx_hal_spi.o
                0x08006c94                HAL_SPI_Init
 .text.HAL_SPI_MspInit
                0x08006dda       0x14 ./Drivers/STM32L4xx_HAL_Driver/stm32l4xx_hal_spi.o
                0x08006dda                HAL_SPI_MspInit
 .text.HAL_SPI_TransmitReceive
                0x08006dee      0x426 ./Drivers/STM32L4xx_HAL_Driver/stm32l4xx_hal_spi.o
                0x08006dee                HAL_SPI_TransmitReceive
 .text.HAL_SPI_GetState
                0x08007214       0x1c ./Drivers/STM32L4xx_HAL_Driver/stm32l4xx_hal_spi.o
                0x08007214                HAL_SPI_GetState
 .text.SPI_WaitFlagStateUntilTimeout
                0x08007230      0x110 ./Drivers/STM32L4xx_HAL_Driver/stm32l4xx_hal_spi.o
 .text.SPI_WaitFifoStateUntilTimeout
                0x08007340      0x12c ./Drivers/STM32L4xx_HAL_Driver/stm32l4xx_hal_spi.o
 .text.SPI_EndRxTxTransaction
                0x0800746c       0x8c ./Drivers/STM32L4xx_HAL_Driver/stm32l4xx_hal_spi.o
 .text.HAL_UART_Init
                0x080074f8       0x9c ./Drivers/STM32L4xx_HAL_Driver/stm32l4xx_hal_uart.o
                0x080074f8                HAL_UART_Init
 .text.HAL_UART_MspInit
                0x08007594       0x14 ./Drivers/STM32L4xx_HAL_Driver/stm32l4xx_hal_uart.o
                0x08007594                HAL_UART_MspInit
 .text.HAL_UART_Transmit
                0x080075a8      0x126 ./Drivers/STM32L4xx_HAL_Driver/stm32l4xx_hal_uart.o
                0x080075a8                HAL_UART_Transmit
 *fill*         0x080076ce        0x2 
 .text.UART_SetConfig
                0x080076d0      0x570 ./Drivers/STM32L4xx_HAL_Driver/stm32l4xx_hal_uart.o
                0x080076d0                UART_SetConfig
 .text.UART_AdvFeatureConfig
                0x08007c40      0x144 ./Drivers/STM32L4xx_HAL_Driver/stm32l4xx_hal_uart.o
                0x08007c40                UART_AdvFeatureConfig
 .text.UART_CheckIdleState
                0x08007d84       0x92 ./Drivers/STM32L4xx_HAL_Driver/stm32l4xx_hal_uart.o
                0x08007d84                UART_CheckIdleState
 .text.UART_WaitOnFlagUntilTimeout
                0x08007e16      0x188 ./Drivers/STM32L4xx_HAL_Driver/stm32l4xx_hal_uart.o
                0x08007e16                UART_WaitOnFlagUntilTimeout
 .text.hts221_read_reg
                0x08007f9e       0x3c ./Drivers/user/hts221_reg.o
                0x08007f9e                hts221_read_reg
 .text.hts221_write_reg
                0x08007fda       0x3c ./Drivers/user/hts221_reg.o
                0x08007fda                hts221_write_reg
 .text.hts221_data_rate_set
                0x08008016       0x4c ./Drivers/user/hts221_reg.o
                0x08008016                hts221_data_rate_set
 .text.hts221_block_data_update_set
                0x08008062       0x4c ./Drivers/user/hts221_reg.o
                0x08008062                hts221_block_data_update_set
 .text.hts221_humidity_raw_get
                0x080080ae       0x44 ./Drivers/user/hts221_reg.o
                0x080080ae                hts221_humidity_raw_get
 .text.hts221_device_id_get
                0x080080f2       0x22 ./Drivers/user/hts221_reg.o
                0x080080f2                hts221_device_id_get
 .text.hts221_power_on_set
                0x08008114       0x4c ./Drivers/user/hts221_reg.o
                0x08008114                hts221_power_on_set
 .text.hts221_status_get
                0x08008160       0x22 ./Drivers/user/hts221_reg.o
                0x08008160                hts221_status_get
 .text.hts221_hum_rh_point_0_get
                0x08008182       0x3c ./Drivers/user/hts221_reg.o
                0x08008182                hts221_hum_rh_point_0_get
 .text.hts221_hum_rh_point_1_get
                0x080081be       0x3c ./Drivers/user/hts221_reg.o
                0x080081be                hts221_hum_rh_point_1_get
 .text.hts221_hum_adc_point_0_get
                0x080081fa       0x44 ./Drivers/user/hts221_reg.o
                0x080081fa                hts221_hum_adc_point_0_get
 .text.hts221_hum_adc_point_1_get
                0x0800823e       0x44 ./Drivers/user/hts221_reg.o
                0x0800823e                hts221_hum_adc_point_1_get
 .text.lps22hh_read_reg
                0x08008282       0x3c ./Drivers/user/lps22hh_reg.o
                0x08008282                lps22hh_read_reg
 .text.lps22hh_write_reg
                0x080082be       0x3c ./Drivers/user/lps22hh_reg.o
                0x080082be                lps22hh_write_reg
 *fill*         0x080082fa        0x2 
 .text.lps22hh_from_lsb_to_hpa
                0x080082fc       0x30 ./Drivers/user/lps22hh_reg.o
                0x080082fc                lps22hh_from_lsb_to_hpa
 .text.lps22hh_from_lsb_to_celsius
                0x0800832c       0x34 ./Drivers/user/lps22hh_reg.o
                0x0800832c                lps22hh_from_lsb_to_celsius
 .text.lps22hh_block_data_update_set
                0x08008360       0x4c ./Drivers/user/lps22hh_reg.o
                0x08008360                lps22hh_block_data_update_set
 .text.lps22hh_data_rate_set
                0x080083ac       0x9c ./Drivers/user/lps22hh_reg.o
                0x080083ac                lps22hh_data_rate_set
 .text.lps22hh_pressure_raw_get
                0x08008448       0x52 ./Drivers/user/lps22hh_reg.o
                0x08008448                lps22hh_pressure_raw_get
 .text.lps22hh_temperature_raw_get
                0x0800849a       0x44 ./Drivers/user/lps22hh_reg.o
                0x0800849a                lps22hh_temperature_raw_get
 .text.lps22hh_device_id_get
                0x080084de       0x22 ./Drivers/user/lps22hh_reg.o
                0x080084de                lps22hh_device_id_get
 .text.lps22hh_reset_set
                0x08008500       0x4c ./Drivers/user/lps22hh_reg.o
                0x08008500                lps22hh_reset_set
 .text.lps22hh_reset_get
                0x0800854c       0x32 ./Drivers/user/lps22hh_reg.o
                0x0800854c                lps22hh_reset_get
 .text.aci_gap_set_discoverable
                0x0800857e      0x206 ./Middlewares/BlueNRG-2/Wireless/BlueNRG-2/Controller/bluenrg1_gap_aci.o
                0x0800857e                aci_gap_set_discoverable
 .text.aci_gap_set_authentication_requirement
                0x08008784      0x19a ./Middlewares/BlueNRG-2/Wireless/BlueNRG-2/Controller/bluenrg1_gap_aci.o
                0x08008784                aci_gap_set_authentication_requirement
 .text.aci_gap_init
                0x0800891e      0x15a ./Middlewares/BlueNRG-2/Wireless/BlueNRG-2/Controller/bluenrg1_gap_aci.o
                0x0800891e                aci_gap_init
 .text.aci_gap_update_adv_data
                0x08008a78       0xf6 ./Middlewares/BlueNRG-2/Wireless/BlueNRG-2/Controller/bluenrg1_gap_aci.o
                0x08008a78                aci_gap_update_adv_data
 .text.aci_gatt_init
                0x08008b6e       0x54 ./Middlewares/BlueNRG-2/Wireless/BlueNRG-2/Controller/bluenrg1_gatt_aci.o
                0x08008b6e                aci_gatt_init
 .text.aci_gatt_add_service
                0x08008bc2      0x1ac ./Middlewares/BlueNRG-2/Wireless/BlueNRG-2/Controller/bluenrg1_gatt_aci.o
                0x08008bc2                aci_gatt_add_service
 .text.aci_gatt_add_char
                0x08008d6e      0x210 ./Middlewares/BlueNRG-2/Wireless/BlueNRG-2/Controller/bluenrg1_gatt_aci.o
                0x08008d6e                aci_gatt_add_char
 .text.aci_gatt_update_char_value
                0x08008f7e      0x164 ./Middlewares/BlueNRG-2/Wireless/BlueNRG-2/Controller/bluenrg1_gatt_aci.o
                0x08008f7e                aci_gatt_update_char_value
 .text.aci_gatt_allow_read
                0x080090e2       0xbc ./Middlewares/BlueNRG-2/Wireless/BlueNRG-2/Controller/bluenrg1_gatt_aci.o
                0x080090e2                aci_gatt_allow_read
 .text.aci_hal_read_config_data
                0x0800919e      0x108 ./Middlewares/BlueNRG-2/Wireless/BlueNRG-2/Controller/bluenrg1_hal_aci.o
                0x0800919e                aci_hal_read_config_data
 .text.aci_hal_set_tx_power_level
                0x080092a6       0xe0 ./Middlewares/BlueNRG-2/Wireless/BlueNRG-2/Controller/bluenrg1_hal_aci.o
                0x080092a6                aci_hal_set_tx_power_level
 .text.hci_disconnection_complete_event_process
                0x08009386       0x30 ./Middlewares/BlueNRG-2/Wireless/BlueNRG-2/HCI_TL/Basic/bluenrg1_events.o
                0x08009386                hci_disconnection_complete_event_process
 .text.hci_encryption_change_event_process
                0x080093b6       0x30 ./Middlewares/BlueNRG-2/Wireless/BlueNRG-2/HCI_TL/Basic/bluenrg1_events.o
                0x080093b6                hci_encryption_change_event_process
 .text.hci_read_remote_version_information_complete_event_process
                0x080093e6       0x3e ./Middlewares/BlueNRG-2/Wireless/BlueNRG-2/HCI_TL/Basic/bluenrg1_events.o
                0x080093e6                hci_read_remote_version_information_complete_event_process
 .text.hci_hardware_error_event_process
                0x08009424       0x24 ./Middlewares/BlueNRG-2/Wireless/BlueNRG-2/HCI_TL/Basic/bluenrg1_events.o
                0x08009424                hci_hardware_error_event_process
 .text.hci_number_of_completed_packets_event_process
                0x08009448       0xae ./Middlewares/BlueNRG-2/Wireless/BlueNRG-2/HCI_TL/Basic/bluenrg1_events.o
                0x08009448                hci_number_of_completed_packets_event_process
 .text.hci_data_buffer_overflow_event_process
                0x080094f6       0x24 ./Middlewares/BlueNRG-2/Wireless/BlueNRG-2/HCI_TL/Basic/bluenrg1_events.o
                0x080094f6                hci_data_buffer_overflow_event_process
 .text.hci_encryption_key_refresh_complete_event_process
                0x0800951a       0x2e ./Middlewares/BlueNRG-2/Wireless/BlueNRG-2/HCI_TL/Basic/bluenrg1_events.o
                0x0800951a                hci_encryption_key_refresh_complete_event_process
 .text.aci_blue_initialized_event_process
                0x08009548       0x24 ./Middlewares/BlueNRG-2/Wireless/BlueNRG-2/HCI_TL/Basic/bluenrg1_events.o
                0x08009548                aci_blue_initialized_event_process
 .text.aci_blue_events_lost_event_process
                0x0800956c       0x22 ./Middlewares/BlueNRG-2/Wireless/BlueNRG-2/HCI_TL/Basic/bluenrg1_events.o
                0x0800956c                aci_blue_events_lost_event_process
 .text.aci_blue_crash_info_event_process
                0x0800958e       0x84 ./Middlewares/BlueNRG-2/Wireless/BlueNRG-2/HCI_TL/Basic/bluenrg1_events.o
                0x0800958e                aci_blue_crash_info_event_process
 .text.aci_hal_end_of_radio_activity_event_process
                0x08009612       0x2e ./Middlewares/BlueNRG-2/Wireless/BlueNRG-2/HCI_TL/Basic/bluenrg1_events.o
                0x08009612                aci_hal_end_of_radio_activity_event_process
 .text.aci_hal_scan_req_report_event_process
                0x08009640       0x2e ./Middlewares/BlueNRG-2/Wireless/BlueNRG-2/HCI_TL/Basic/bluenrg1_events.o
                0x08009640                aci_hal_scan_req_report_event_process
 .text.aci_hal_fw_error_event_process
                0x0800966e       0x2c ./Middlewares/BlueNRG-2/Wireless/BlueNRG-2/HCI_TL/Basic/bluenrg1_events.o
                0x0800966e                aci_hal_fw_error_event_process
 .text.aci_gap_limited_discoverable_event_process
                0x0800969a       0x1a ./Middlewares/BlueNRG-2/Wireless/BlueNRG-2/HCI_TL/Basic/bluenrg1_events.o
                0x0800969a                aci_gap_limited_discoverable_event_process
 .text.aci_gap_pairing_complete_event_process
                0x080096b4       0x2e ./Middlewares/BlueNRG-2/Wireless/BlueNRG-2/HCI_TL/Basic/bluenrg1_events.o
                0x080096b4                aci_gap_pairing_complete_event_process
 .text.aci_gap_pass_key_req_event_process
                0x080096e2       0x26 ./Middlewares/BlueNRG-2/Wireless/BlueNRG-2/HCI_TL/Basic/bluenrg1_events.o
                0x080096e2                aci_gap_pass_key_req_event_process
 .text.aci_gap_authorization_req_event_process
                0x08009708       0x26 ./Middlewares/BlueNRG-2/Wireless/BlueNRG-2/HCI_TL/Basic/bluenrg1_events.o
                0x08009708                aci_gap_authorization_req_event_process
 .text.aci_gap_slave_security_initiated_event_process
                0x0800972e       0x1a ./Middlewares/BlueNRG-2/Wireless/BlueNRG-2/HCI_TL/Basic/bluenrg1_events.o
                0x0800972e                aci_gap_slave_security_initiated_event_process
 .text.aci_gap_bond_lost_event_process
                0x08009748       0x1a ./Middlewares/BlueNRG-2/Wireless/BlueNRG-2/HCI_TL/Basic/bluenrg1_events.o
                0x08009748                aci_gap_bond_lost_event_process
 .text.aci_gap_proc_complete_event_process
                0x08009762       0x2e ./Middlewares/BlueNRG-2/Wireless/BlueNRG-2/HCI_TL/Basic/bluenrg1_events.o
                0x08009762                aci_gap_proc_complete_event_process
 .text.aci_gap_addr_not_resolved_event_process
                0x08009790       0x26 ./Middlewares/BlueNRG-2/Wireless/BlueNRG-2/HCI_TL/Basic/bluenrg1_events.o
                0x08009790                aci_gap_addr_not_resolved_event_process
 .text.aci_gap_numeric_comparison_value_event_process
                0x080097b6       0x2e ./Middlewares/BlueNRG-2/Wireless/BlueNRG-2/HCI_TL/Basic/bluenrg1_events.o
                0x080097b6                aci_gap_numeric_comparison_value_event_process
 .text.aci_gap_keypress_notification_event_process
                0x080097e4       0x2c ./Middlewares/BlueNRG-2/Wireless/BlueNRG-2/HCI_TL/Basic/bluenrg1_events.o
                0x080097e4                aci_gap_keypress_notification_event_process
 .text.aci_l2cap_connection_update_resp_event_process
                0x08009810       0x2e ./Middlewares/BlueNRG-2/Wireless/BlueNRG-2/HCI_TL/Basic/bluenrg1_events.o
                0x08009810                aci_l2cap_connection_update_resp_event_process
 .text.aci_l2cap_proc_timeout_event_process
                0x0800983e       0x2e ./Middlewares/BlueNRG-2/Wireless/BlueNRG-2/HCI_TL/Basic/bluenrg1_events.o
                0x0800983e                aci_l2cap_proc_timeout_event_process
 .text.aci_l2cap_connection_update_req_event_process
                0x0800986c       0x5c ./Middlewares/BlueNRG-2/Wireless/BlueNRG-2/HCI_TL/Basic/bluenrg1_events.o
                0x0800986c                aci_l2cap_connection_update_req_event_process
 .text.aci_l2cap_command_reject_event_process
                0x080098c8       0x3c ./Middlewares/BlueNRG-2/Wireless/BlueNRG-2/HCI_TL/Basic/bluenrg1_events.o
                0x080098c8                aci_l2cap_command_reject_event_process
 .text.aci_gatt_attribute_modified_event_process
                0x08009904       0x3e ./Middlewares/BlueNRG-2/Wireless/BlueNRG-2/HCI_TL/Basic/bluenrg1_events.o
                0x08009904                aci_gatt_attribute_modified_event_process
 .text.aci_gatt_proc_timeout_event_process
                0x08009942       0x26 ./Middlewares/BlueNRG-2/Wireless/BlueNRG-2/HCI_TL/Basic/bluenrg1_events.o
                0x08009942                aci_gatt_proc_timeout_event_process
 .text.aci_att_exchange_mtu_resp_event_process
                0x08009968       0x2e ./Middlewares/BlueNRG-2/Wireless/BlueNRG-2/HCI_TL/Basic/bluenrg1_events.o
                0x08009968                aci_att_exchange_mtu_resp_event_process
 .text.aci_att_find_info_resp_event_process
                0x08009996       0x30 ./Middlewares/BlueNRG-2/Wireless/BlueNRG-2/HCI_TL/Basic/bluenrg1_events.o
                0x08009996                aci_att_find_info_resp_event_process
 .text.aci_att_find_by_type_value_resp_event_process
                0x080099c6       0xb4 ./Middlewares/BlueNRG-2/Wireless/BlueNRG-2/HCI_TL/Basic/bluenrg1_events.o
                0x080099c6                aci_att_find_by_type_value_resp_event_process
 .text.aci_att_read_by_type_resp_event_process
                0x08009a7a       0x30 ./Middlewares/BlueNRG-2/Wireless/BlueNRG-2/HCI_TL/Basic/bluenrg1_events.o
                0x08009a7a                aci_att_read_by_type_resp_event_process
 .text.aci_att_read_resp_event_process
                0x08009aaa       0x2e ./Middlewares/BlueNRG-2/Wireless/BlueNRG-2/HCI_TL/Basic/bluenrg1_events.o
                0x08009aaa                aci_att_read_resp_event_process
 .text.aci_att_read_blob_resp_event_process
                0x08009ad8       0x2e ./Middlewares/BlueNRG-2/Wireless/BlueNRG-2/HCI_TL/Basic/bluenrg1_events.o
                0x08009ad8                aci_att_read_blob_resp_event_process
 .text.aci_att_read_multiple_resp_event_process
                0x08009b06       0x2e ./Middlewares/BlueNRG-2/Wireless/BlueNRG-2/HCI_TL/Basic/bluenrg1_events.o
                0x08009b06                aci_att_read_multiple_resp_event_process
 .text.aci_att_read_by_group_type_resp_event_process
                0x08009b34       0x30 ./Middlewares/BlueNRG-2/Wireless/BlueNRG-2/HCI_TL/Basic/bluenrg1_events.o
                0x08009b34                aci_att_read_by_group_type_resp_event_process
 .text.aci_att_prepare_write_resp_event_process
                0x08009b64       0x3c ./Middlewares/BlueNRG-2/Wireless/BlueNRG-2/HCI_TL/Basic/bluenrg1_events.o
                0x08009b64                aci_att_prepare_write_resp_event_process
 .text.aci_att_exec_write_resp_event_process
                0x08009ba0       0x26 ./Middlewares/BlueNRG-2/Wireless/BlueNRG-2/HCI_TL/Basic/bluenrg1_events.o
                0x08009ba0                aci_att_exec_write_resp_event_process
 .text.aci_gatt_indication_event_process
                0x08009bc6       0x32 ./Middlewares/BlueNRG-2/Wireless/BlueNRG-2/HCI_TL/Basic/bluenrg1_events.o
                0x08009bc6                aci_gatt_indication_event_process
 .text.aci_gatt_notification_event_process
                0x08009bf8       0x32 ./Middlewares/BlueNRG-2/Wireless/BlueNRG-2/HCI_TL/Basic/bluenrg1_events.o
                0x08009bf8                aci_gatt_notification_event_process
 .text.aci_gatt_proc_complete_event_process
                0x08009c2a       0x2c ./Middlewares/BlueNRG-2/Wireless/BlueNRG-2/HCI_TL/Basic/bluenrg1_events.o
                0x08009c2a                aci_gatt_proc_complete_event_process
 .text.aci_gatt_error_resp_event_process
                0x08009c56       0x34 ./Middlewares/BlueNRG-2/Wireless/BlueNRG-2/HCI_TL/Basic/bluenrg1_events.o
                0x08009c56                aci_gatt_error_resp_event_process
 .text.aci_gatt_disc_read_char_by_uuid_resp_event_process
                0x08009c8a       0x32 ./Middlewares/BlueNRG-2/Wireless/BlueNRG-2/HCI_TL/Basic/bluenrg1_events.o
                0x08009c8a                aci_gatt_disc_read_char_by_uuid_resp_event_process
 .text.aci_gatt_write_permit_req_event_process
                0x08009cbc       0x32 ./Middlewares/BlueNRG-2/Wireless/BlueNRG-2/HCI_TL/Basic/bluenrg1_events.o
                0x08009cbc                aci_gatt_write_permit_req_event_process
 .text.aci_gatt_read_permit_req_event_process
                0x08009cee       0x32 ./Middlewares/BlueNRG-2/Wireless/BlueNRG-2/HCI_TL/Basic/bluenrg1_events.o
                0x08009cee                aci_gatt_read_permit_req_event_process
 .text.aci_gatt_read_multi_permit_req_event_process
                0x08009d20       0x8a ./Middlewares/BlueNRG-2/Wireless/BlueNRG-2/HCI_TL/Basic/bluenrg1_events.o
                0x08009d20                aci_gatt_read_multi_permit_req_event_process
 .text.aci_gatt_tx_pool_available_event_process
                0x08009daa       0x2e ./Middlewares/BlueNRG-2/Wireless/BlueNRG-2/HCI_TL/Basic/bluenrg1_events.o
                0x08009daa                aci_gatt_tx_pool_available_event_process
 .text.aci_gatt_server_confirmation_event_process
                0x08009dd8       0x26 ./Middlewares/BlueNRG-2/Wireless/BlueNRG-2/HCI_TL/Basic/bluenrg1_events.o
                0x08009dd8                aci_gatt_server_confirmation_event_process
 .text.aci_gatt_prepare_write_permit_req_event_process
                0x08009dfe       0x3c ./Middlewares/BlueNRG-2/Wireless/BlueNRG-2/HCI_TL/Basic/bluenrg1_events.o
                0x08009dfe                aci_gatt_prepare_write_permit_req_event_process
 .text.hci_le_connection_complete_event_process
                0x08009e3a       0x68 ./Middlewares/BlueNRG-2/Wireless/BlueNRG-2/HCI_TL/Basic/bluenrg1_events.o
                0x08009e3a                hci_le_connection_complete_event_process
 .text.hci_le_advertising_report_event_process
                0x08009ea2      0x1ba ./Middlewares/BlueNRG-2/Wireless/BlueNRG-2/HCI_TL/Basic/bluenrg1_events.o
                0x08009ea2                hci_le_advertising_report_event_process
 .text.hci_le_connection_update_complete_event_process
                0x0800a05c       0x46 ./Middlewares/BlueNRG-2/Wireless/BlueNRG-2/HCI_TL/Basic/bluenrg1_events.o
                0x0800a05c                hci_le_connection_update_complete_event_process
 .text.hci_le_read_remote_used_features_complete_event_process
                0x0800a0a2       0x30 ./Middlewares/BlueNRG-2/Wireless/BlueNRG-2/HCI_TL/Basic/bluenrg1_events.o
                0x0800a0a2                hci_le_read_remote_used_features_complete_event_process
 .text.hci_le_long_term_key_request_event_process
                0x0800a0d2       0x30 ./Middlewares/BlueNRG-2/Wireless/BlueNRG-2/HCI_TL/Basic/bluenrg1_events.o
                0x0800a0d2                hci_le_long_term_key_request_event_process
 .text.hci_le_data_length_change_event_process
                0x0800a102       0x40 ./Middlewares/BlueNRG-2/Wireless/BlueNRG-2/HCI_TL/Basic/bluenrg1_events.o
                0x0800a102                hci_le_data_length_change_event_process
 .text.hci_le_read_local_p256_public_key_complete_event_process
                0x0800a142       0x2a ./Middlewares/BlueNRG-2/Wireless/BlueNRG-2/HCI_TL/Basic/bluenrg1_events.o
                0x0800a142                hci_le_read_local_p256_public_key_complete_event_process
 .text.hci_le_generate_dhkey_complete_event_process
                0x0800a16c       0x2a ./Middlewares/BlueNRG-2/Wireless/BlueNRG-2/HCI_TL/Basic/bluenrg1_events.o
                0x0800a16c                hci_le_generate_dhkey_complete_event_process
 .text.hci_le_enhanced_connection_complete_event_process
                0x0800a196       0x7c ./Middlewares/BlueNRG-2/Wireless/BlueNRG-2/HCI_TL/Basic/bluenrg1_events.o
                0x0800a196                hci_le_enhanced_connection_complete_event_process
 .text.hci_le_direct_advertising_report_event_process
                0x0800a212      0x15e ./Middlewares/BlueNRG-2/Wireless/BlueNRG-2/HCI_TL/Basic/bluenrg1_events.o
                0x0800a212                hci_le_direct_advertising_report_event_process
 .text.hci_encryption_change_event
                0x0800a370       0x1e ./Middlewares/BlueNRG-2/Wireless/BlueNRG-2/HCI_TL/Basic/bluenrg1_events_cb.o
                0x0800a370                hci_encryption_change_event
 .text.hci_read_remote_version_information_complete_event
                0x0800a38e       0x28 ./Middlewares/BlueNRG-2/Wireless/BlueNRG-2/HCI_TL/Basic/bluenrg1_events_cb.o
                0x0800a38e                hci_read_remote_version_information_complete_event
 .text.hci_hardware_error_event
                0x0800a3b6       0x16 ./Middlewares/BlueNRG-2/Wireless/BlueNRG-2/HCI_TL/Basic/bluenrg1_events_cb.o
                0x0800a3b6                hci_hardware_error_event
 .text.hci_number_of_completed_packets_event
                0x0800a3cc       0x18 ./Middlewares/BlueNRG-2/Wireless/BlueNRG-2/HCI_TL/Basic/bluenrg1_events_cb.o
                0x0800a3cc                hci_number_of_completed_packets_event
 .text.hci_data_buffer_overflow_event
                0x0800a3e4       0x16 ./Middlewares/BlueNRG-2/Wireless/BlueNRG-2/HCI_TL/Basic/bluenrg1_events_cb.o
                0x0800a3e4                hci_data_buffer_overflow_event
 .text.hci_encryption_key_refresh_complete_event
                0x0800a3fa       0x1c ./Middlewares/BlueNRG-2/Wireless/BlueNRG-2/HCI_TL/Basic/bluenrg1_events_cb.o
                0x0800a3fa                hci_encryption_key_refresh_complete_event
 .text.hci_le_advertising_report_event
                0x0800a416       0x18 ./Middlewares/BlueNRG-2/Wireless/BlueNRG-2/HCI_TL/Basic/bluenrg1_events_cb.o
                0x0800a416                hci_le_advertising_report_event
 .text.hci_le_connection_update_complete_event
                0x0800a42e       0x28 ./Middlewares/BlueNRG-2/Wireless/BlueNRG-2/HCI_TL/Basic/bluenrg1_events_cb.o
                0x0800a42e                hci_le_connection_update_complete_event
 .text.hci_le_read_remote_used_features_complete_event
                0x0800a456       0x1c ./Middlewares/BlueNRG-2/Wireless/BlueNRG-2/HCI_TL/Basic/bluenrg1_events_cb.o
                0x0800a456                hci_le_read_remote_used_features_complete_event
 .text.hci_le_long_term_key_request_event
                0x0800a472       0x1c ./Middlewares/BlueNRG-2/Wireless/BlueNRG-2/HCI_TL/Basic/bluenrg1_events_cb.o
                0x0800a472                hci_le_long_term_key_request_event
 .text.hci_le_data_length_change_event
                0x0800a48e       0x28 ./Middlewares/BlueNRG-2/Wireless/BlueNRG-2/HCI_TL/Basic/bluenrg1_events_cb.o
                0x0800a48e                hci_le_data_length_change_event
 .text.hci_le_read_local_p256_public_key_complete_event
                0x0800a4b6       0x18 ./Middlewares/BlueNRG-2/Wireless/BlueNRG-2/HCI_TL/Basic/bluenrg1_events_cb.o
                0x0800a4b6                hci_le_read_local_p256_public_key_complete_event
 .text.hci_le_generate_dhkey_complete_event
                0x0800a4ce       0x18 ./Middlewares/BlueNRG-2/Wireless/BlueNRG-2/HCI_TL/Basic/bluenrg1_events_cb.o
                0x0800a4ce                hci_le_generate_dhkey_complete_event
 .text.hci_le_enhanced_connection_complete_event
                0x0800a4e6       0x28 ./Middlewares/BlueNRG-2/Wireless/BlueNRG-2/HCI_TL/Basic/bluenrg1_events_cb.o
                0x0800a4e6                hci_le_enhanced_connection_complete_event
 .text.hci_le_direct_advertising_report_event
                0x0800a50e       0x18 ./Middlewares/BlueNRG-2/Wireless/BlueNRG-2/HCI_TL/Basic/bluenrg1_events_cb.o
                0x0800a50e                hci_le_direct_advertising_report_event
 .text.aci_gap_limited_discoverable_event
                0x0800a526        0xe ./Middlewares/BlueNRG-2/Wireless/BlueNRG-2/HCI_TL/Basic/bluenrg1_events_cb.o
                0x0800a526                aci_gap_limited_discoverable_event
 .text.aci_gap_pairing_complete_event
                0x0800a534       0x1e ./Middlewares/BlueNRG-2/Wireless/BlueNRG-2/HCI_TL/Basic/bluenrg1_events_cb.o
                0x0800a534                aci_gap_pairing_complete_event
 .text.aci_gap_pass_key_req_event
                0x0800a552       0x16 ./Middlewares/BlueNRG-2/Wireless/BlueNRG-2/HCI_TL/Basic/bluenrg1_events_cb.o
                0x0800a552                aci_gap_pass_key_req_event
 .text.aci_gap_authorization_req_event
                0x0800a568       0x16 ./Middlewares/BlueNRG-2/Wireless/BlueNRG-2/HCI_TL/Basic/bluenrg1_events_cb.o
                0x0800a568                aci_gap_authorization_req_event
 .text.aci_gap_slave_security_initiated_event
                0x0800a57e        0xe ./Middlewares/BlueNRG-2/Wireless/BlueNRG-2/HCI_TL/Basic/bluenrg1_events_cb.o
                0x0800a57e                aci_gap_slave_security_initiated_event
 .text.aci_gap_bond_lost_event
                0x0800a58c        0xe ./Middlewares/BlueNRG-2/Wireless/BlueNRG-2/HCI_TL/Basic/bluenrg1_events_cb.o
                0x0800a58c                aci_gap_bond_lost_event
 .text.aci_gap_proc_complete_event
                0x0800a59a       0x20 ./Middlewares/BlueNRG-2/Wireless/BlueNRG-2/HCI_TL/Basic/bluenrg1_events_cb.o
                0x0800a59a                aci_gap_proc_complete_event
 .text.aci_gap_addr_not_resolved_event
                0x0800a5ba       0x16 ./Middlewares/BlueNRG-2/Wireless/BlueNRG-2/HCI_TL/Basic/bluenrg1_events_cb.o
                0x0800a5ba                aci_gap_addr_not_resolved_event
 .text.aci_gap_numeric_comparison_value_event
                0x0800a5d0       0x18 ./Middlewares/BlueNRG-2/Wireless/BlueNRG-2/HCI_TL/Basic/bluenrg1_events_cb.o
                0x0800a5d0                aci_gap_numeric_comparison_value_event
 .text.aci_gap_keypress_notification_event
                0x0800a5e8       0x1c ./Middlewares/BlueNRG-2/Wireless/BlueNRG-2/HCI_TL/Basic/bluenrg1_events_cb.o
                0x0800a5e8                aci_gap_keypress_notification_event
 .text.aci_gatt_attribute_modified_event
                0x0800a604       0x28 ./Middlewares/BlueNRG-2/Wireless/BlueNRG-2/HCI_TL/Basic/bluenrg1_events_cb.o
                0x0800a604                aci_gatt_attribute_modified_event
 .text.aci_gatt_proc_timeout_event
                0x0800a62c       0x16 ./Middlewares/BlueNRG-2/Wireless/BlueNRG-2/HCI_TL/Basic/bluenrg1_events_cb.o
                0x0800a62c                aci_gatt_proc_timeout_event
 .text.aci_att_exchange_mtu_resp_event
                0x0800a642       0x1c ./Middlewares/BlueNRG-2/Wireless/BlueNRG-2/HCI_TL/Basic/bluenrg1_events_cb.o
                0x0800a642                aci_att_exchange_mtu_resp_event
 .text.aci_att_find_info_resp_event
                0x0800a65e       0x20 ./Middlewares/BlueNRG-2/Wireless/BlueNRG-2/HCI_TL/Basic/bluenrg1_events_cb.o
                0x0800a65e                aci_att_find_info_resp_event
 .text.aci_att_find_by_type_value_resp_event
                0x0800a67e       0x1c ./Middlewares/BlueNRG-2/Wireless/BlueNRG-2/HCI_TL/Basic/bluenrg1_events_cb.o
                0x0800a67e                aci_att_find_by_type_value_resp_event
 .text.aci_att_read_by_type_resp_event
                0x0800a69a       0x20 ./Middlewares/BlueNRG-2/Wireless/BlueNRG-2/HCI_TL/Basic/bluenrg1_events_cb.o
                0x0800a69a                aci_att_read_by_type_resp_event
 .text.aci_att_read_resp_event
                0x0800a6ba       0x1c ./Middlewares/BlueNRG-2/Wireless/BlueNRG-2/HCI_TL/Basic/bluenrg1_events_cb.o
                0x0800a6ba                aci_att_read_resp_event
 .text.aci_att_read_blob_resp_event
                0x0800a6d6       0x1c ./Middlewares/BlueNRG-2/Wireless/BlueNRG-2/HCI_TL/Basic/bluenrg1_events_cb.o
                0x0800a6d6                aci_att_read_blob_resp_event
 .text.aci_att_read_multiple_resp_event
                0x0800a6f2       0x1c ./Middlewares/BlueNRG-2/Wireless/BlueNRG-2/HCI_TL/Basic/bluenrg1_events_cb.o
                0x0800a6f2                aci_att_read_multiple_resp_event
 .text.aci_att_read_by_group_type_resp_event
                0x0800a70e       0x20 ./Middlewares/BlueNRG-2/Wireless/BlueNRG-2/HCI_TL/Basic/bluenrg1_events_cb.o
                0x0800a70e                aci_att_read_by_group_type_resp_event
 .text.aci_att_prepare_write_resp_event
                0x0800a72e       0x28 ./Middlewares/BlueNRG-2/Wireless/BlueNRG-2/HCI_TL/Basic/bluenrg1_events_cb.o
                0x0800a72e                aci_att_prepare_write_resp_event
 .text.aci_att_exec_write_resp_event
                0x0800a756       0x16 ./Middlewares/BlueNRG-2/Wireless/BlueNRG-2/HCI_TL/Basic/bluenrg1_events_cb.o
                0x0800a756                aci_att_exec_write_resp_event
 .text.aci_gatt_indication_event
                0x0800a76c       0x20 ./Middlewares/BlueNRG-2/Wireless/BlueNRG-2/HCI_TL/Basic/bluenrg1_events_cb.o
                0x0800a76c                aci_gatt_indication_event
 .text.aci_gatt_notification_event
                0x0800a78c       0x20 ./Middlewares/BlueNRG-2/Wireless/BlueNRG-2/HCI_TL/Basic/bluenrg1_events_cb.o
                0x0800a78c                aci_gatt_notification_event
 .text.aci_gatt_proc_complete_event
                0x0800a7ac       0x1c ./Middlewares/BlueNRG-2/Wireless/BlueNRG-2/HCI_TL/Basic/bluenrg1_events_cb.o
                0x0800a7ac                aci_gatt_proc_complete_event
 .text.aci_gatt_error_resp_event
                0x0800a7c8       0x28 ./Middlewares/BlueNRG-2/Wireless/BlueNRG-2/HCI_TL/Basic/bluenrg1_events_cb.o
                0x0800a7c8                aci_gatt_error_resp_event
 .text.aci_gatt_disc_read_char_by_uuid_resp_event
                0x0800a7f0       0x20 ./Middlewares/BlueNRG-2/Wireless/BlueNRG-2/HCI_TL/Basic/bluenrg1_events_cb.o
                0x0800a7f0                aci_gatt_disc_read_char_by_uuid_resp_event
 .text.aci_gatt_write_permit_req_event
                0x0800a810       0x20 ./Middlewares/BlueNRG-2/Wireless/BlueNRG-2/HCI_TL/Basic/bluenrg1_events_cb.o
                0x0800a810                aci_gatt_write_permit_req_event
 .text.aci_gatt_read_multi_permit_req_event
                0x0800a830       0x1c ./Middlewares/BlueNRG-2/Wireless/BlueNRG-2/HCI_TL/Basic/bluenrg1_events_cb.o
                0x0800a830                aci_gatt_read_multi_permit_req_event
 .text.aci_gatt_tx_pool_available_event
                0x0800a84c       0x1c ./Middlewares/BlueNRG-2/Wireless/BlueNRG-2/HCI_TL/Basic/bluenrg1_events_cb.o
                0x0800a84c                aci_gatt_tx_pool_available_event
 .text.aci_gatt_server_confirmation_event
                0x0800a868       0x16 ./Middlewares/BlueNRG-2/Wireless/BlueNRG-2/HCI_TL/Basic/bluenrg1_events_cb.o
                0x0800a868                aci_gatt_server_confirmation_event
 .text.aci_gatt_prepare_write_permit_req_event
                0x0800a87e       0x28 ./Middlewares/BlueNRG-2/Wireless/BlueNRG-2/HCI_TL/Basic/bluenrg1_events_cb.o
                0x0800a87e                aci_gatt_prepare_write_permit_req_event
 .text.aci_l2cap_connection_update_resp_event
                0x0800a8a6       0x1c ./Middlewares/BlueNRG-2/Wireless/BlueNRG-2/HCI_TL/Basic/bluenrg1_events_cb.o
                0x0800a8a6                aci_l2cap_connection_update_resp_event
 .text.aci_l2cap_proc_timeout_event
                0x0800a8c2       0x1c ./Middlewares/BlueNRG-2/Wireless/BlueNRG-2/HCI_TL/Basic/bluenrg1_events_cb.o
                0x0800a8c2                aci_l2cap_proc_timeout_event
 .text.aci_l2cap_connection_update_req_event
                0x0800a8de       0x28 ./Middlewares/BlueNRG-2/Wireless/BlueNRG-2/HCI_TL/Basic/bluenrg1_events_cb.o
                0x0800a8de                aci_l2cap_connection_update_req_event
 .text.aci_l2cap_command_reject_event
                0x0800a906       0x28 ./Middlewares/BlueNRG-2/Wireless/BlueNRG-2/HCI_TL/Basic/bluenrg1_events_cb.o
                0x0800a906                aci_l2cap_command_reject_event
 .text.aci_blue_initialized_event
                0x0800a92e       0x16 ./Middlewares/BlueNRG-2/Wireless/BlueNRG-2/HCI_TL/Basic/bluenrg1_events_cb.o
                0x0800a92e                aci_blue_initialized_event
 .text.aci_blue_events_lost_event
                0x0800a944       0x14 ./Middlewares/BlueNRG-2/Wireless/BlueNRG-2/HCI_TL/Basic/bluenrg1_events_cb.o
                0x0800a944                aci_blue_events_lost_event
 .text.aci_blue_crash_info_event
                0x0800a958       0x1c ./Middlewares/BlueNRG-2/Wireless/BlueNRG-2/HCI_TL/Basic/bluenrg1_events_cb.o
                0x0800a958                aci_blue_crash_info_event
 .text.aci_hal_end_of_radio_activity_event
                0x0800a974       0x1c ./Middlewares/BlueNRG-2/Wireless/BlueNRG-2/HCI_TL/Basic/bluenrg1_events_cb.o
                0x0800a974                aci_hal_end_of_radio_activity_event
 .text.aci_hal_scan_req_report_event
                0x0800a990       0x1c ./Middlewares/BlueNRG-2/Wireless/BlueNRG-2/HCI_TL/Basic/bluenrg1_events_cb.o
                0x0800a990                aci_hal_scan_req_report_event
 .text.aci_hal_fw_error_event
                0x0800a9ac       0x1c ./Middlewares/BlueNRG-2/Wireless/BlueNRG-2/HCI_TL/Basic/bluenrg1_events_cb.o
                0x0800a9ac                aci_hal_fw_error_event
 .text.hci_reset
                0x0800a9c8       0x52 ./Middlewares/BlueNRG-2/Wireless/BlueNRG-2/HCI_TL/Basic/bluenrg1_hci_le.o
                0x0800a9c8                hci_reset
 .text.hci_read_local_version_information
                0x0800aa1a       0x8c ./Middlewares/BlueNRG-2/Wireless/BlueNRG-2/HCI_TL/Basic/bluenrg1_hci_le.o
                0x0800aa1a                hci_read_local_version_information
 .text.hci_le_set_scan_response_data
                0x0800aaa6       0xf2 ./Middlewares/BlueNRG-2/Wireless/BlueNRG-2/HCI_TL/Basic/bluenrg1_hci_le.o
                0x0800aaa6                hci_le_set_scan_response_data
 .text.verify_packet
                0x0800ab98       0x40 ./Middlewares/BlueNRG-2/Wireless/BlueNRG-2/HCI_TL/Basic/hci_tl.o
 .text.send_cmd
                0x0800abd8       0x80 ./Middlewares/BlueNRG-2/Wireless/BlueNRG-2/HCI_TL/Basic/hci_tl.o
 .text.move_list
                0x0800ac58       0x38 ./Middlewares/BlueNRG-2/Wireless/BlueNRG-2/HCI_TL/Basic/hci_tl.o
 .text.free_event_list
                0x0800ac90       0x3c ./Middlewares/BlueNRG-2/Wireless/BlueNRG-2/HCI_TL/Basic/hci_tl.o
 .text.hci_init
                0x0800accc       0x84 ./Middlewares/BlueNRG-2/Wireless/BlueNRG-2/HCI_TL/Basic/hci_tl.o
                0x0800accc                hci_init
 .text.hci_register_io_bus
                0x0800ad50       0x40 ./Middlewares/BlueNRG-2/Wireless/BlueNRG-2/HCI_TL/Basic/hci_tl.o
                0x0800ad50                hci_register_io_bus
 .text.hci_send_req
                0x0800ad90      0x230 ./Middlewares/BlueNRG-2/Wireless/BlueNRG-2/HCI_TL/Basic/hci_tl.o
                0x0800ad90                hci_send_req
 .text.hci_user_evt_proc
                0x0800afc0       0x58 ./Middlewares/BlueNRG-2/Wireless/BlueNRG-2/HCI_TL/Basic/hci_tl.o
                0x0800afc0                hci_user_evt_proc
 .text.hci_notify_asynch_evt
                0x0800b018       0x9c ./Middlewares/BlueNRG-2/Wireless/BlueNRG-2/HCI_TL/Basic/hci_tl.o
                0x0800b018                hci_notify_asynch_evt
 .text.list_init_head
                0x0800b0b4       0x20 ./Middlewares/BlueNRG-2/Wireless/BlueNRG-2/Utils/ble_list.o
                0x0800b0b4                list_init_head
 .text.list_is_empty
                0x0800b0d4       0x44 ./Middlewares/BlueNRG-2/Wireless/BlueNRG-2/Utils/ble_list.o
                0x0800b0d4                list_is_empty
 .text.list_insert_head
                0x0800b118       0x4c ./Middlewares/BlueNRG-2/Wireless/BlueNRG-2/Utils/ble_list.o
                0x0800b118                list_insert_head
 .text.list_insert_tail
                0x0800b164       0x4c ./Middlewares/BlueNRG-2/Wireless/BlueNRG-2/Utils/ble_list.o
                0x0800b164                list_insert_tail
 .text.list_remove_node
                0x0800b1b0       0x42 ./Middlewares/BlueNRG-2/Wireless/BlueNRG-2/Utils/ble_list.o
                0x0800b1b0                list_remove_node
 .text.list_remove_head
                0x0800b1f2       0x4e ./Middlewares/BlueNRG-2/Wireless/BlueNRG-2/Utils/ble_list.o
                0x0800b1f2                list_remove_head
 .text.list_remove_tail
                0x0800b240       0x4e ./Middlewares/BlueNRG-2/Wireless/BlueNRG-2/Utils/ble_list.o
                0x0800b240                list_remove_tail
 .text.list_get_size
                0x0800b28e       0x50 ./Middlewares/BlueNRG-2/Wireless/BlueNRG-2/Utils/ble_list.o
                0x0800b28e                list_get_size
 *fill*         0x0800b2de        0x2 
 .text.rand     0x0800b2e0       0x7c C:/ST/STM32CubeIDE_1.17.0/STM32CubeIDE/plugins/com.st.stm32cube.ide.mcu.externaltools.gnu-tools-for-stm32.12.3.rel1.win32_1.1.0.202410251130/tools/bin/../lib/gcc/arm-none-eabi/12.3.1/../../../../arm-none-eabi/lib/thumb/v7e-m+fp/hard\libc_nano.a(libc_a-rand.o)
                0x0800b2e0                rand
 .text.__cvt    0x0800b35c       0xca C:/ST/STM32CubeIDE_1.17.0/STM32CubeIDE/plugins/com.st.stm32cube.ide.mcu.externaltools.gnu-tools-for-stm32.12.3.rel1.win32_1.1.0.202410251130/tools/bin/../lib/gcc/arm-none-eabi/12.3.1/../../../../arm-none-eabi/lib/thumb/v7e-m+fp/hard\libc_nano.a(libc_a-nano-vfprintf_float.o)
                0x0800b35c                __cvt
 .text.__exponent
                0x0800b426       0x74 C:/ST/STM32CubeIDE_1.17.0/STM32CubeIDE/plugins/com.st.stm32cube.ide.mcu.externaltools.gnu-tools-for-stm32.12.3.rel1.win32_1.1.0.202410251130/tools/bin/../lib/gcc/arm-none-eabi/12.3.1/../../../../arm-none-eabi/lib/thumb/v7e-m+fp/hard\libc_nano.a(libc_a-nano-vfprintf_float.o)
                0x0800b426                __exponent
 *fill*         0x0800b49a        0x2 
 .text._printf_float
                0x0800b49c      0x454 C:/ST/STM32CubeIDE_1.17.0/STM32CubeIDE/plugins/com.st.stm32cube.ide.mcu.externaltools.gnu-tools-for-stm32.12.3.rel1.win32_1.1.0.202410251130/tools/bin/../lib/gcc/arm-none-eabi/12.3.1/../../../../arm-none-eabi/lib/thumb/v7e-m+fp/hard\libc_nano.a(libc_a-nano-vfprintf_float.o)
                0x0800b49c                _printf_float
 .text._printf_common
                0x0800b8f0       0xda C:/ST/STM32CubeIDE_1.17.0/STM32CubeIDE/plugins/com.st.stm32cube.ide.mcu.externaltools.gnu-tools-for-stm32.12.3.rel1.win32_1.1.0.202410251130/tools/bin/../lib/gcc/arm-none-eabi/12.3.1/../../../../arm-none-eabi/lib/thumb/v7e-m+fp/hard\libc_nano.a(libc_a-nano-vfprintf_i.o)
                0x0800b8f0                _printf_common
 *fill*         0x0800b9ca        0x2 
 .text._printf_i
                0x0800b9cc      0x240 C:/ST/STM32CubeIDE_1.17.0/STM32CubeIDE/plugins/com.st.stm32cube.ide.mcu.externaltools.gnu-tools-for-stm32.12.3.rel1.win32_1.1.0.202410251130/tools/bin/../lib/gcc/arm-none-eabi/12.3.1/../../../../arm-none-eabi/lib/thumb/v7e-m+fp/hard\libc_nano.a(libc_a-nano-vfprintf_i.o)
                0x0800b9cc                _printf_i
 .text.std      0x0800bc0c       0x6c C:/ST/STM32CubeIDE_1.17.0/STM32CubeIDE/plugins/com.st.stm32cube.ide.mcu.externaltools.gnu-tools-for-stm32.12.3.rel1.win32_1.1.0.202410251130/tools/bin/../lib/gcc/arm-none-eabi/12.3.1/../../../../arm-none-eabi/lib/thumb/v7e-m+fp/hard\libc_nano.a(libc_a-findfp.o)
 .text.stdio_exit_handler
                0x0800bc78       0x18 C:/ST/STM32CubeIDE_1.17.0/STM32CubeIDE/plugins/com.st.stm32cube.ide.mcu.externaltools.gnu-tools-for-stm32.12.3.rel1.win32_1.1.0.202410251130/tools/bin/../lib/gcc/arm-none-eabi/12.3.1/../../../../arm-none-eabi/lib/thumb/v7e-m+fp/hard\libc_nano.a(libc_a-findfp.o)
 .text.cleanup_stdio
                0x0800bc90       0x40 C:/ST/STM32CubeIDE_1.17.0/STM32CubeIDE/plugins/com.st.stm32cube.ide.mcu.externaltools.gnu-tools-for-stm32.12.3.rel1.win32_1.1.0.202410251130/tools/bin/../lib/gcc/arm-none-eabi/12.3.1/../../../../arm-none-eabi/lib/thumb/v7e-m+fp/hard\libc_nano.a(libc_a-findfp.o)
 .text.global_stdio_init.part.0
                0x0800bcd0       0x3c C:/ST/STM32CubeIDE_1.17.0/STM32CubeIDE/plugins/com.st.stm32cube.ide.mcu.externaltools.gnu-tools-for-stm32.12.3.rel1.win32_1.1.0.202410251130/tools/bin/../lib/gcc/arm-none-eabi/12.3.1/../../../../arm-none-eabi/lib/thumb/v7e-m+fp/hard\libc_nano.a(libc_a-findfp.o)
 .text.__sfp_lock_acquire
                0x0800bd0c        0xc C:/ST/STM32CubeIDE_1.17.0/STM32CubeIDE/plugins/com.st.stm32cube.ide.mcu.externaltools.gnu-tools-for-stm32.12.3.rel1.win32_1.1.0.202410251130/tools/bin/../lib/gcc/arm-none-eabi/12.3.1/../../../../arm-none-eabi/lib/thumb/v7e-m+fp/hard\libc_nano.a(libc_a-findfp.o)
                0x0800bd0c                __sfp_lock_acquire
 .text.__sfp_lock_release
                0x0800bd18        0xc C:/ST/STM32CubeIDE_1.17.0/STM32CubeIDE/plugins/com.st.stm32cube.ide.mcu.externaltools.gnu-tools-for-stm32.12.3.rel1.win32_1.1.0.202410251130/tools/bin/../lib/gcc/arm-none-eabi/12.3.1/../../../../arm-none-eabi/lib/thumb/v7e-m+fp/hard\libc_nano.a(libc_a-findfp.o)
                0x0800bd18                __sfp_lock_release
 .text.__sinit  0x0800bd24       0x30 C:/ST/STM32CubeIDE_1.17.0/STM32CubeIDE/plugins/com.st.stm32cube.ide.mcu.externaltools.gnu-tools-for-stm32.12.3.rel1.win32_1.1.0.202410251130/tools/bin/../lib/gcc/arm-none-eabi/12.3.1/../../../../arm-none-eabi/lib/thumb/v7e-m+fp/hard\libc_nano.a(libc_a-findfp.o)
                0x0800bd24                __sinit
 .text._fwalk_sglue
                0x0800bd54       0x3c C:/ST/STM32CubeIDE_1.17.0/STM32CubeIDE/plugins/com.st.stm32cube.ide.mcu.externaltools.gnu-tools-for-stm32.12.3.rel1.win32_1.1.0.202410251130/tools/bin/../lib/gcc/arm-none-eabi/12.3.1/../../../../arm-none-eabi/lib/thumb/v7e-m+fp/hard\libc_nano.a(libc_a-fwalk.o)
                0x0800bd54                _fwalk_sglue
 .text.sprintf  0x0800bd90       0x40 C:/ST/STM32CubeIDE_1.17.0/STM32CubeIDE/plugins/com.st.stm32cube.ide.mcu.externaltools.gnu-tools-for-stm32.12.3.rel1.win32_1.1.0.202410251130/tools/bin/../lib/gcc/arm-none-eabi/12.3.1/../../../../arm-none-eabi/lib/thumb/v7e-m+fp/hard\libc_nano.a(libc_a-sprintf.o)
                0x0800bd90                siprintf
                0x0800bd90                sprintf
 .text.__sread  0x0800bdd0       0x22 C:/ST/STM32CubeIDE_1.17.0/STM32CubeIDE/plugins/com.st.stm32cube.ide.mcu.externaltools.gnu-tools-for-stm32.12.3.rel1.win32_1.1.0.202410251130/tools/bin/../lib/gcc/arm-none-eabi/12.3.1/../../../../arm-none-eabi/lib/thumb/v7e-m+fp/hard\libc_nano.a(libc_a-stdio.o)
                0x0800bdd0                __sread
 .text.__swrite
                0x0800bdf2       0x38 C:/ST/STM32CubeIDE_1.17.0/STM32CubeIDE/plugins/com.st.stm32cube.ide.mcu.externaltools.gnu-tools-for-stm32.12.3.rel1.win32_1.1.0.202410251130/tools/bin/../lib/gcc/arm-none-eabi/12.3.1/../../../../arm-none-eabi/lib/thumb/v7e-m+fp/hard\libc_nano.a(libc_a-stdio.o)
                0x0800bdf2                __swrite
 .text.__sseek  0x0800be2a       0x24 C:/ST/STM32CubeIDE_1.17.0/STM32CubeIDE/plugins/com.st.stm32cube.ide.mcu.externaltools.gnu-tools-for-stm32.12.3.rel1.win32_1.1.0.202410251130/tools/bin/../lib/gcc/arm-none-eabi/12.3.1/../../../../arm-none-eabi/lib/thumb/v7e-m+fp/hard\libc_nano.a(libc_a-stdio.o)
                0x0800be2a                __sseek
 .text.__sclose
                0x0800be4e        0x8 C:/ST/STM32CubeIDE_1.17.0/STM32CubeIDE/plugins/com.st.stm32cube.ide.mcu.externaltools.gnu-tools-for-stm32.12.3.rel1.win32_1.1.0.202410251130/tools/bin/../lib/gcc/arm-none-eabi/12.3.1/../../../../arm-none-eabi/lib/thumb/v7e-m+fp/hard\libc_nano.a(libc_a-stdio.o)
                0x0800be4e                __sclose
 .text.memset   0x0800be56       0x10 C:/ST/STM32CubeIDE_1.17.0/STM32CubeIDE/plugins/com.st.stm32cube.ide.mcu.externaltools.gnu-tools-for-stm32.12.3.rel1.win32_1.1.0.202410251130/tools/bin/../lib/gcc/arm-none-eabi/12.3.1/../../../../arm-none-eabi/lib/thumb/v7e-m+fp/hard\libc_nano.a(libc_a-memset.o)
                0x0800be56                memset
 *fill*         0x0800be66        0x2 
 .text._localeconv_r
                0x0800be68        0x8 C:/ST/STM32CubeIDE_1.17.0/STM32CubeIDE/plugins/com.st.stm32cube.ide.mcu.externaltools.gnu-tools-for-stm32.12.3.rel1.win32_1.1.0.202410251130/tools/bin/../lib/gcc/arm-none-eabi/12.3.1/../../../../arm-none-eabi/lib/thumb/v7e-m+fp/hard\libc_nano.a(libc_a-localeconv.o)
                0x0800be68                _localeconv_r
 .text._close_r
                0x0800be70       0x20 C:/ST/STM32CubeIDE_1.17.0/STM32CubeIDE/plugins/com.st.stm32cube.ide.mcu.externaltools.gnu-tools-for-stm32.12.3.rel1.win32_1.1.0.202410251130/tools/bin/../lib/gcc/arm-none-eabi/12.3.1/../../../../arm-none-eabi/lib/thumb/v7e-m+fp/hard\libc_nano.a(libc_a-closer.o)
                0x0800be70                _close_r
 .text._lseek_r
                0x0800be90       0x24 C:/ST/STM32CubeIDE_1.17.0/STM32CubeIDE/plugins/com.st.stm32cube.ide.mcu.externaltools.gnu-tools-for-stm32.12.3.rel1.win32_1.1.0.202410251130/tools/bin/../lib/gcc/arm-none-eabi/12.3.1/../../../../arm-none-eabi/lib/thumb/v7e-m+fp/hard\libc_nano.a(libc_a-lseekr.o)
                0x0800be90                _lseek_r
 .text._read_r  0x0800beb4       0x24 C:/ST/STM32CubeIDE_1.17.0/STM32CubeIDE/plugins/com.st.stm32cube.ide.mcu.externaltools.gnu-tools-for-stm32.12.3.rel1.win32_1.1.0.202410251130/tools/bin/../lib/gcc/arm-none-eabi/12.3.1/../../../../arm-none-eabi/lib/thumb/v7e-m+fp/hard\libc_nano.a(libc_a-readr.o)
                0x0800beb4                _read_r
 .text._write_r
                0x0800bed8       0x24 C:/ST/STM32CubeIDE_1.17.0/STM32CubeIDE/plugins/com.st.stm32cube.ide.mcu.externaltools.gnu-tools-for-stm32.12.3.rel1.win32_1.1.0.202410251130/tools/bin/../lib/gcc/arm-none-eabi/12.3.1/../../../../arm-none-eabi/lib/thumb/v7e-m+fp/hard\libc_nano.a(libc_a-writer.o)
                0x0800bed8                _write_r
 .text.__errno  0x0800befc        0xc C:/ST/STM32CubeIDE_1.17.0/STM32CubeIDE/plugins/com.st.stm32cube.ide.mcu.externaltools.gnu-tools-for-stm32.12.3.rel1.win32_1.1.0.202410251130/tools/bin/../lib/gcc/arm-none-eabi/12.3.1/../../../../arm-none-eabi/lib/thumb/v7e-m+fp/hard\libc_nano.a(libc_a-errno.o)
                0x0800befc                __errno
 .text.__libc_init_array
                0x0800bf08       0x48 C:/ST/STM32CubeIDE_1.17.0/STM32CubeIDE/plugins/com.st.stm32cube.ide.mcu.externaltools.gnu-tools-for-stm32.12.3.rel1.win32_1.1.0.202410251130/tools/bin/../lib/gcc/arm-none-eabi/12.3.1/../../../../arm-none-eabi/lib/thumb/v7e-m+fp/hard\libc_nano.a(libc_a-init.o)
                0x0800bf08                __libc_init_array
 .text.__retarget_lock_init_recursive
                0x0800bf50        0x2 C:/ST/STM32CubeIDE_1.17.0/STM32CubeIDE/plugins/com.st.stm32cube.ide.mcu.externaltools.gnu-tools-for-stm32.12.3.rel1.win32_1.1.0.202410251130/tools/bin/../lib/gcc/arm-none-eabi/12.3.1/../../../../arm-none-eabi/lib/thumb/v7e-m+fp/hard\libc_nano.a(libc_a-lock.o)
                0x0800bf50                __retarget_lock_init_recursive
 .text.__retarget_lock_acquire_recursive
                0x0800bf52        0x2 C:/ST/STM32CubeIDE_1.17.0/STM32CubeIDE/plugins/com.st.stm32cube.ide.mcu.externaltools.gnu-tools-for-stm32.12.3.rel1.win32_1.1.0.202410251130/tools/bin/../lib/gcc/arm-none-eabi/12.3.1/../../../../arm-none-eabi/lib/thumb/v7e-m+fp/hard\libc_nano.a(libc_a-lock.o)
                0x0800bf52                __retarget_lock_acquire_recursive
 .text.__retarget_lock_release_recursive
                0x0800bf54        0x2 C:/ST/STM32CubeIDE_1.17.0/STM32CubeIDE/plugins/com.st.stm32cube.ide.mcu.externaltools.gnu-tools-for-stm32.12.3.rel1.win32_1.1.0.202410251130/tools/bin/../lib/gcc/arm-none-eabi/12.3.1/../../../../arm-none-eabi/lib/thumb/v7e-m+fp/hard\libc_nano.a(libc_a-lock.o)
                0x0800bf54                __retarget_lock_release_recursive
 .text.memcpy   0x0800bf56       0x1c C:/ST/STM32CubeIDE_1.17.0/STM32CubeIDE/plugins/com.st.stm32cube.ide.mcu.externaltools.gnu-tools-for-stm32.12.3.rel1.win32_1.1.0.202410251130/tools/bin/../lib/gcc/arm-none-eabi/12.3.1/../../../../arm-none-eabi/lib/thumb/v7e-m+fp/hard\libc_nano.a(libc_a-memcpy-stub.o)
                0x0800bf56                memcpy
 *fill*         0x0800bf72        0x2 
 .text.__assert_func
                0x0800bf74       0x3c C:/ST/STM32CubeIDE_1.17.0/STM32CubeIDE/plugins/com.st.stm32cube.ide.mcu.externaltools.gnu-tools-for-stm32.12.3.rel1.win32_1.1.0.202410251130/tools/bin/../lib/gcc/arm-none-eabi/12.3.1/../../../../arm-none-eabi/lib/thumb/v7e-m+fp/hard\libc_nano.a(libc_a-assert.o)
                0x0800bf74                __assert_func
 .text.quorem   0x0800bfb0      0x110 C:/ST/STM32CubeIDE_1.17.0/STM32CubeIDE/plugins/com.st.stm32cube.ide.mcu.externaltools.gnu-tools-for-stm32.12.3.rel1.win32_1.1.0.202410251130/tools/bin/../lib/gcc/arm-none-eabi/12.3.1/../../../../arm-none-eabi/lib/thumb/v7e-m+fp/hard\libc_nano.a(libc_a-dtoa.o)
 .text._dtoa_r  0x0800c0c0      0xb88 C:/ST/STM32CubeIDE_1.17.0/STM32CubeIDE/plugins/com.st.stm32cube.ide.mcu.externaltools.gnu-tools-for-stm32.12.3.rel1.win32_1.1.0.202410251130/tools/bin/../lib/gcc/arm-none-eabi/12.3.1/../../../../arm-none-eabi/lib/thumb/v7e-m+fp/hard\libc_nano.a(libc_a-dtoa.o)
                0x0800c0c0                _dtoa_r
 .text._free_r  0x0800cc48       0x94 C:/ST/STM32CubeIDE_1.17.0/STM32CubeIDE/plugins/com.st.stm32cube.ide.mcu.externaltools.gnu-tools-for-stm32.12.3.rel1.win32_1.1.0.202410251130/tools/bin/../lib/gcc/arm-none-eabi/12.3.1/../../../../arm-none-eabi/lib/thumb/v7e-m+fp/hard\libc_nano.a(libc_a-freer.o)
                0x0800cc48                _free_r
 .text.malloc   0x0800ccdc       0x10 C:/ST/STM32CubeIDE_1.17.0/STM32CubeIDE/plugins/com.st.stm32cube.ide.mcu.externaltools.gnu-tools-for-stm32.12.3.rel1.win32_1.1.0.202410251130/tools/bin/../lib/gcc/arm-none-eabi/12.3.1/../../../../arm-none-eabi/lib/thumb/v7e-m+fp/hard\libc_nano.a(libc_a-malloc.o)
                0x0800ccdc                malloc
 .text.sbrk_aligned
                0x0800ccec       0x44 C:/ST/STM32CubeIDE_1.17.0/STM32CubeIDE/plugins/com.st.stm32cube.ide.mcu.externaltools.gnu-tools-for-stm32.12.3.rel1.win32_1.1.0.202410251130/tools/bin/../lib/gcc/arm-none-eabi/12.3.1/../../../../arm-none-eabi/lib/thumb/v7e-m+fp/hard\libc_nano.a(libc_a-mallocr.o)
 .text._malloc_r
                0x0800cd30      0x100 C:/ST/STM32CubeIDE_1.17.0/STM32CubeIDE/plugins/com.st.stm32cube.ide.mcu.externaltools.gnu-tools-for-stm32.12.3.rel1.win32_1.1.0.202410251130/tools/bin/../lib/gcc/arm-none-eabi/12.3.1/../../../../arm-none-eabi/lib/thumb/v7e-m+fp/hard\libc_nano.a(libc_a-mallocr.o)
                0x0800cd30                _malloc_r
 .text.__malloc_lock
                0x0800ce30        0xc C:/ST/STM32CubeIDE_1.17.0/STM32CubeIDE/plugins/com.st.stm32cube.ide.mcu.externaltools.gnu-tools-for-stm32.12.3.rel1.win32_1.1.0.202410251130/tools/bin/../lib/gcc/arm-none-eabi/12.3.1/../../../../arm-none-eabi/lib/thumb/v7e-m+fp/hard\libc_nano.a(libc_a-mlock.o)
                0x0800ce30                __malloc_lock
 .text.__malloc_unlock
                0x0800ce3c        0xc C:/ST/STM32CubeIDE_1.17.0/STM32CubeIDE/plugins/com.st.stm32cube.ide.mcu.externaltools.gnu-tools-for-stm32.12.3.rel1.win32_1.1.0.202410251130/tools/bin/../lib/gcc/arm-none-eabi/12.3.1/../../../../arm-none-eabi/lib/thumb/v7e-m+fp/hard\libc_nano.a(libc_a-mlock.o)
                0x0800ce3c                __malloc_unlock
 .text._Balloc  0x0800ce48       0x80 C:/ST/STM32CubeIDE_1.17.0/STM32CubeIDE/plugins/com.st.stm32cube.ide.mcu.externaltools.gnu-tools-for-stm32.12.3.rel1.win32_1.1.0.202410251130/tools/bin/../lib/gcc/arm-none-eabi/12.3.1/../../../../arm-none-eabi/lib/thumb/v7e-m+fp/hard\libc_nano.a(libc_a-mprec.o)
                0x0800ce48                _Balloc
 .text._Bfree   0x0800cec8       0x44 C:/ST/STM32CubeIDE_1.17.0/STM32CubeIDE/plugins/com.st.stm32cube.ide.mcu.externaltools.gnu-tools-for-stm32.12.3.rel1.win32_1.1.0.202410251130/tools/bin/../lib/gcc/arm-none-eabi/12.3.1/../../../../arm-none-eabi/lib/thumb/v7e-m+fp/hard\libc_nano.a(libc_a-mprec.o)
                0x0800cec8                _Bfree
 .text.__multadd
                0x0800cf0c       0x8c C:/ST/STM32CubeIDE_1.17.0/STM32CubeIDE/plugins/com.st.stm32cube.ide.mcu.externaltools.gnu-tools-for-stm32.12.3.rel1.win32_1.1.0.202410251130/tools/bin/../lib/gcc/arm-none-eabi/12.3.1/../../../../arm-none-eabi/lib/thumb/v7e-m+fp/hard\libc_nano.a(libc_a-mprec.o)
                0x0800cf0c                __multadd
 .text.__hi0bits
                0x0800cf98       0x3e C:/ST/STM32CubeIDE_1.17.0/STM32CubeIDE/plugins/com.st.stm32cube.ide.mcu.externaltools.gnu-tools-for-stm32.12.3.rel1.win32_1.1.0.202410251130/tools/bin/../lib/gcc/arm-none-eabi/12.3.1/../../../../arm-none-eabi/lib/thumb/v7e-m+fp/hard\libc_nano.a(libc_a-mprec.o)
                0x0800cf98                __hi0bits
 .text.__lo0bits
                0x0800cfd6       0x5a C:/ST/STM32CubeIDE_1.17.0/STM32CubeIDE/plugins/com.st.stm32cube.ide.mcu.externaltools.gnu-tools-for-stm32.12.3.rel1.win32_1.1.0.202410251130/tools/bin/../lib/gcc/arm-none-eabi/12.3.1/../../../../arm-none-eabi/lib/thumb/v7e-m+fp/hard\libc_nano.a(libc_a-mprec.o)
                0x0800cfd6                __lo0bits
 .text.__i2b    0x0800d030       0x2c C:/ST/STM32CubeIDE_1.17.0/STM32CubeIDE/plugins/com.st.stm32cube.ide.mcu.externaltools.gnu-tools-for-stm32.12.3.rel1.win32_1.1.0.202410251130/tools/bin/../lib/gcc/arm-none-eabi/12.3.1/../../../../arm-none-eabi/lib/thumb/v7e-m+fp/hard\libc_nano.a(libc_a-mprec.o)
                0x0800d030                __i2b