C:/Users/victo/Desktop/Bureau/Cours/M1/LE/PROJETS/SensorDemo_BLE_l476rg/Src/app_bluenrg_2.c:61:6:MX_BlueNRG_2_Init	16	static
C:/Users/victo/Desktop/Bureau/Cours/M1/LE/PROJETS/SensorDemo_BLE_l476rg/Src/app_bluenrg_2.c:80:6:MX_BlueNRG_2_Process	8	static
C:/Users/victo/Desktop/Bureau/Cours/M1/LE/PROJETS/SensorDemo_BLE_l476rg/Src/app_bluenrg_2.c:87:13:User_Init	8	static
C:/Users/victo/Desktop/Bureau/Cours/M1/LE/PROJETS/SensorDemo_BLE_l476rg/Src/app_bluenrg_2.c:95:9:Sensor_DeviceInit	56	static
C:/Users/victo/Desktop/Bureau/Cours/M1/LE/PROJETS/SensorDemo_BLE_l476rg/Src/app_bluenrg_2.c:187:6:User_Process	24	static
C:/Users/victo/Desktop/Bureau/Cours/M1/LE/PROJETS/SensorDemo_BLE_l476rg/Src/app_bluenrg_2.c:218:13:Sensor_Init	48	static
C:/Users/victo/Desktop/Bureau/Cours/M1/LE/PROJETS/SensorDemo_BLE_l476rg/Src/app_bluenrg_2.c:261:6:Read_Real_Environmental_Values	88	static
C:/Users/victo/Desktop/Bureau/Cours/M1/LE/PROJETS/SensorDemo_BLE_l476rg/Src/app_bluenrg_2.c:330:13:Set_Random_Motion_Values	1032	static
C:/Users/victo/Desktop/Bureau/Cours/M1/LE/PROJETS/SensorDemo_BLE_l476rg/Src/app_bluenrg_2.c:365:13:Reset_Motion_Values	4	static
C:/Users/victo/Desktop/Bureau/Cours/M1/LE/PROJETS/SensorDemo_BLE_l476rg/Src/app_bluenrg_2.c:382:9:getBlueNRGVersion	48	static
C:/Users/victo/Desktop/Bureau/Cours/M1/LE/PROJETS/SensorDemo_BLE_l476rg/Src/app_bluenrg_2.c:399:6:BSP_PB_Callback	16	static
C:/Users/victo/Desktop/Bureau/Cours/M1/LE/PROJETS/SensorDemo_BLE_l476rg/Src/app_bluenrg_2.c:405:6:hci_le_connection_complete_event	24	static
C:/Users/victo/Desktop/Bureau/Cours/M1/LE/PROJETS/SensorDemo_BLE_l476rg/Src/app_bluenrg_2.c:420:6:hci_disconnection_complete_event	16	static
C:/Users/victo/Desktop/Bureau/Cours/M1/LE/PROJETS/SensorDemo_BLE_l476rg/Src/app_bluenrg_2.c:431:6:aci_gatt_read_permit_req_event	16	static
